Archive member included to satisfy reference by file (symbol)

/Applications/VEXcode Pro V5.app/Contents/Resources/sdk/vexv5/libv5rt.a(v5_startup.c.obj)
                              (vexStartup)
/Applications/VEXcode Pro V5.app/Contents/Resources/sdk/vexv5/libv5rt.a(v5_util.c.obj)
                              /Applications/VEXcode Pro V5.app/Contents/Resources/sdk/vexv5/libv5rt.a(v5_startup.c.obj) (vexStdlibVersionLinked)
/Applications/VEXcode Pro V5.app/Contents/Resources/sdk/vexv5/libv5rt.a(v5_apijump.c.obj)
                              /Applications/VEXcode Pro V5.app/Contents/Resources/sdk/vexv5/libv5rt.a(v5_startup.c.obj) (vexPrivateApiEnable)
/Applications/VEXcode Pro V5.app/Contents/Resources/sdk/vexv5/libv5rt.a(v5_apiversions.c.obj)
                              /Applications/VEXcode Pro V5.app/Contents/Resources/sdk/vexv5/libv5rt.a(v5_apijump.c.obj) (vexSystemVersion)
/Applications/VEXcode Pro V5.app/Contents/Resources/sdk/vexv5/libv5rt.a(vex_global.cpp.obj)
                              build/src/main.o (vex::wait(double, vex::timeUnits))
/Applications/VEXcode Pro V5.app/Contents/Resources/sdk/vexv5/libv5rt.a(vex_motor.cpp.obj)
                              build/src/main.o (vex::motor::~motor())
/Applications/VEXcode Pro V5.app/Contents/Resources/sdk/vexv5/libv5rt.a(vex_imu.cpp.obj)
                              build/src/main.o (vex::inertial::~inertial())
/Applications/VEXcode Pro V5.app/Contents/Resources/sdk/vexv5/libv5rt.a(vex_rotation.cpp.obj)
                              build/src/main.o (vex::rotation::~rotation())
/Applications/VEXcode Pro V5.app/Contents/Resources/sdk/vexv5/libv5rt.a(vex_controller.cpp.obj)
                              build/src/robot-config.o (vex::controller::~controller())
/Applications/VEXcode Pro V5.app/Contents/Resources/sdk/vexv5/libv5rt.a(vex_task.cpp.obj)
                              build/src/JAR-Template/drive.o (vex::task::task())
/Applications/VEXcode Pro V5.app/Contents/Resources/sdk/vexv5/libv5rt.a(vex_thread.cpp.obj)
                              /Applications/VEXcode Pro V5.app/Contents/Resources/sdk/vexv5/libv5rt.a(vex_global.cpp.obj) (vex::this_thread::sleep_for(unsigned long))
/Applications/VEXcode Pro V5.app/Contents/Resources/sdk/vexv5/libv5rt.a(vex_event.cpp.obj)
                              /Applications/VEXcode Pro V5.app/Contents/Resources/sdk/vexv5/libv5rt.a(vex_imu.cpp.obj) (vex::event::init(unsigned long, unsigned long, void (*)()))
/Applications/VEXcode Pro V5.app/Contents/Resources/sdk/vexv5/libv5rt.a(vex_mevent.cpp.obj)
                              /Applications/VEXcode Pro V5.app/Contents/Resources/sdk/vexv5/libv5rt.a(vex_controller.cpp.obj) (vex::mevent::mevent(unsigned long, unsigned long))
/Applications/VEXcode Pro V5.app/Contents/Resources/sdk/vexv5/libv5rt.a(vex_brain.cpp.obj)
                              build/src/robot-config.o (vex::brain::brain())
/Applications/VEXcode Pro V5.app/Contents/Resources/sdk/vexv5/libv5rt.a(vex_competition.cpp.obj)
                              build/src/main.o (vex::competition::competition())
/Applications/VEXcode Pro V5.app/Contents/Resources/sdk/vexv5/libv5rt.a(vex_triport.cpp.obj)
                              build/src/main.o (vex::triport::~triport())
/Applications/VEXcode Pro V5.app/Contents/Resources/sdk/vexv5/libv5rt.a(vex_color.cpp.obj)
                              /Applications/VEXcode Pro V5.app/Contents/Resources/sdk/vexv5/libv5rt.a(vex_brain.cpp.obj) (vex::color::operator unsigned long() const)
/Applications/VEXcode Pro V5.app/Contents/Resources/sdk/vexv5/libv5rt.a(vex_timer.cpp.obj)
                              /Applications/VEXcode Pro V5.app/Contents/Resources/sdk/vexv5/libv5rt.a(vex_brain.cpp.obj) (vex::timer::~timer())
/Applications/VEXcode Pro V5.app/Contents/Resources/sdk/vexv5/libv5rt.a(vex_motorgroup.cpp.obj)
                              build/src/JAR-Template/drive.o (vex::motor_group::motor_group_motors::motor_group_motors(vex::motor_group::motor_group_motors const&))
/Applications/VEXcode Pro V5.app/Contents/Resources/sdk/vexv5/libv5rt.a(v5_apiuser.c.obj)
                              /Applications/VEXcode Pro V5.app/Contents/Resources/sdk/vexv5/libv5rt.a(vex_triport.cpp.obj) (vexAdiPortConfigSet)
/Applications/VEXcode Pro V5.app/Contents/Resources/sdk/vexv5/libv5rt.a(vex_device.cpp.obj)
                              /Applications/VEXcode Pro V5.app/Contents/Resources/sdk/vexv5/libv5rt.a(vex_motor.cpp.obj) (vex::device::~device())
/Applications/VEXcode Pro V5.app/Contents/Resources/sdk/vexv5/gcc/libs/libc.a(lib_a-fini.o)
                              /Applications/VEXcode Pro V5.app/Contents/Resources/sdk/vexv5/libv5rt.a(v5_startup.c.obj) (__libc_fini_array)
/Applications/VEXcode Pro V5.app/Contents/Resources/sdk/vexv5/gcc/libs/libc.a(lib_a-impure.o)
                              /Applications/VEXcode Pro V5.app/Contents/Resources/sdk/vexv5/libv5rt.a(v5_startup.c.obj) (_impure_ptr)
[...]
Memory Configuration

Name             Origin             Length             Attributes
ps7_ddr_0_S_AXI_BASEADDR 0x0000000003800000 0x0000000004800000
*default*        0x0000000000000000 0xffffffffffffffff

Linker script and memory map

                0x0000000000002000                _STACK_SIZE = DEFINED (_STACK_SIZE)?_STACK_SIZE:0x2000
                0x0000000000100000                _HEAP_SIZE = DEFINED (_HEAP_SIZE)?_HEAP_SIZE:0x100000
                0x0000000000000400                _ABORT_STACK_SIZE = DEFINED (_ABORT_STACK_SIZE)?_ABORT_STACK_SIZE:0x400
                0x0000000000000800                _SUPERVISOR_STACK_SIZE = DEFINED (_SUPERVISOR_STACK_SIZE)?_SUPERVISOR_STACK_SIZE:0x800
                0x0000000000000400                _IRQ_STACK_SIZE = DEFINED (_IRQ_STACK_SIZE)?_IRQ_STACK_SIZE:0x400
                0x0000000000000400                _FIQ_STACK_SIZE = DEFINED (_FIQ_STACK_SIZE)?_FIQ_STACK_SIZE:0x400
                0x0000000000000400                _UNDEF_STACK_SIZE = DEFINED (_UNDEF_STACK_SIZE)?_UNDEF_STACK_SIZE:0x400

.text           0x0000000003800000     0x5b98
 *(.vectors)
 *(.boot_data)
 .boot_data     0x0000000003800000       0x20 /Applications/VEXcode Pro V5.app/Contents/Resources/sdk/vexv5/libv5rt.a(v5_startup.c.obj)
                0x0000000003800000                vexCodeSig
                0x0000000000000020                . = 0x20
 *(.boot)
 .boot          0x0000000003800020       0xbc /Applications/VEXcode Pro V5.app/Contents/Resources/sdk/vexv5/libv5rt.a(v5_startup.c.obj)
                0x0000000003800020                vexStartup
                0x0000000003800100                . = ALIGN (0x40)
 *fill*         0x00000000038000dc       0x24 
 *(.freertos_vectors)
 *(.text)
 *(.text.*)
 .text._Z17default_constantsv
                0x0000000003800100      0x10c build/src/autons.o
                0x0000000003800100                default_constants()
 .text._ZN3vex11motor_groupC2IJNS_5motorES2_EEERS2_DpRT_
                0x000000000380020c       0x44 build/src/main.o
                0x000000000380020c                vex::motor_group::motor_group<vex::motor, vex::motor>(vex::motor&, vex::motor&, vex::motor&)
 .text._ZN5DriveD2Ev
                0x0000000003800250       0x7c build/src/main.o
                0x0000000003800250                Drive::~Drive()
 .text._Z12driveForwardf
                0x00000000038002cc       0xf0 build/src/main.o
                0x00000000038002cc                driveForward(float)
 .text._Z9turnRightf
                0x00000000038003bc       0xfc build/src/main.o
                0x00000000038003bc                turnRight(float)
 .text._Z14catapult_shootv
                0x00000000038004b8       0xc0 build/src/main.o
                0x00000000038004b8                catapult_shoot()
 .text._Z20catapult_shoot_boostv
                0x0000000003800578       0xd0 build/src/main.o
                0x0000000003800578                catapult_shoot_boost()
 .text._Z21setDrivetrainVelocityf
                0x0000000003800648       0xbc build/src/main.o
                0x0000000003800648                setDrivetrainVelocity(float)
 *fill*         0x0000000003800704        0x4 
 .text._Z9pre_autonv
                0x0000000003800708      0x298 build/src/main.o
                0x0000000003800708                pre_auton()
 .text._Z10autonomousv
                0x00000000038009a0      0x960 build/src/main.o
                0x00000000038009a0                autonomous()
 .text._Z11usercontrolv
                0x0000000003801300      0x2f8 build/src/main.o
                0x0000000003801300                usercontrol()
 .text.main     0x00000000038015f8       0x68 build/src/main.o
                0x00000000038015f8                main
 .text._GLOBAL__sub_I_main.cpp
                0x0000000003801660      0x178 build/src/main.o
 .text._Z11vexcodeInitv
                0x00000000038017d8        0x4 build/src/robot-config.o
                0x00000000038017d8                vexcodeInit()
 .text._GLOBAL__sub_I_robot_config.cpp
                0x00000000038017dc      0x2a8 build/src/robot-config.o
 .text._ZN3PIDC2Efffff
                0x0000000003801a84       0x2c build/src/JAR-Template/PID.o
                0x0000000003801a84                PID::PID(float, float, float, float, float)
                0x0000000003801a84                PID::PID(float, float, float, float, float)
 .text._ZN3PIDC2Effffffff
                0x0000000003801ab0       0x44 build/src/JAR-Template/PID.o
                0x0000000003801ab0                PID::PID(float, float, float, float, float, float, float, float)
                0x0000000003801ab0                PID::PID(float, float, float, float, float, float, float, float)
 .text._ZN3PID7computeEf
                0x0000000003801af4      0x100 build/src/JAR-Template/PID.o
                0x0000000003801af4                PID::compute(float)
 .text._ZN3vex5brain3lcd5printIfEEvT_
                0x0000000003801bf4       0x3c build/src/JAR-Template/PID.o
                0x0000000003801bf4                void vex::brain::lcd::print<float>(float)
 .text._ZN3PID10is_settledEv
                0x0000000003801c30       0x44 build/src/JAR-Template/PID.o
                0x0000000003801c30                PID::is_settled()
 *fill*         0x0000000003801c74        0x4 
 .text._ZN5DriveC2E11drive_setupN3vex11motor_groupES2_ifffiiiiiffiff
                0x0000000003801c78      0x268 build/src/JAR-Template/drive.o
                0x0000000003801c78                Drive::Drive(drive_setup, vex::motor_group, vex::motor_group, int, float, float, float, int, int, int, int, int, float, float, int, float, float)
                0x0000000003801c78                Drive::Drive(drive_setup, vex::motor_group, vex::motor_group, int, float, float, float, int, int, int, int, int, float, float, int, float, float)
 .text._ZN5Drive19position_track_taskEv
                0x0000000003801ee0       0x14 build/src/JAR-Template/drive.o
                0x0000000003801ee0                Drive::position_track_task()
 .text._ZN5Drive15set_coordinatesEfff
                0x0000000003801ef4       0x50 build/src/JAR-Template/drive.o
                0x0000000003801ef4                Drive::set_coordinates(float, float, float)
 .text._ZN5Drive18drive_with_voltageEff
                0x0000000003801f44       0x6c build/src/JAR-Template/drive.o
                0x0000000003801f44                Drive::drive_with_voltage(float, float)
 .text._ZN5Drive18set_turn_constantsEfffff
                0x0000000003801fb0       0x1c build/src/JAR-Template/drive.o
                0x0000000003801fb0                Drive::set_turn_constants(float, float, float, float, float)
 .text._ZN5Drive19set_drive_constantsEfffff
                0x0000000003801fcc       0x1c build/src/JAR-Template/drive.o
                0x0000000003801fcc                Drive::set_drive_constants(float, float, float, float, float)
 .text._ZN5Drive21set_heading_constantsEfffff
                0x0000000003801fe8       0x1c build/src/JAR-Template/drive.o
                0x0000000003801fe8                Drive::set_heading_constants(float, float, float, float, float)
 .text._ZN5Drive19set_swing_constantsEfffff
                0x0000000003802004       0x1c build/src/JAR-Template/drive.o
                0x0000000003802004                Drive::set_swing_constants(float, float, float, float, float)
 .text._ZN5Drive24set_turn_exit_conditionsEfff
                0x0000000003802020        0xc build/src/JAR-Template/drive.o
                0x0000000003802020                Drive::set_turn_exit_conditions(float, float, float)
 .text._ZN5Drive25set_drive_exit_conditionsEfff
                0x000000000380202c        0xc build/src/JAR-Template/drive.o
                0x000000000380202c                Drive::set_drive_exit_conditions(float, float, float)
 .text._ZN5Drive25set_swing_exit_conditionsEfff
                0x0000000003802038        0xc build/src/JAR-Template/drive.o
                0x0000000003802038                Drive::set_swing_exit_conditions(float, float, float)
 .text._ZN5Drive13turn_to_angleEf
                0x0000000003802044       0x50 build/src/JAR-Template/drive.o
                0x0000000003802044                Drive::turn_to_angle(float)
 *fill*         0x0000000003802094        0x4 
 .text._ZN5Drive13turn_to_angleEfffffffff
                0x0000000003802098      0x178 build/src/JAR-Template/drive.o
                0x0000000003802098                Drive::turn_to_angle(float, float, float, float, float, float, float, float, float)
 .text._ZN5Drive14drive_distanceEf
                0x0000000003802210       0x80 build/src/JAR-Template/drive.o
                0x0000000003802210                Drive::drive_distance(float)
 .text._ZN5Drive14drive_distanceEfffffffffffffff
                0x0000000003802290      0x2f0 build/src/JAR-Template/drive.o
                0x0000000003802290                Drive::drive_distance(float, float, float, float, float, float, float, float, float, float, float, float, float, float, float)
 .text._ZN5Drive27get_ForwardTracker_positionEv
                0x0000000003802580       0x70 build/src/JAR-Template/drive.o
                0x0000000003802580                Drive::get_ForwardTracker_position()
 .text._ZN5Drive28get_SidewaysTracker_positionEv
                0x00000000038025f0       0x7c build/src/JAR-Template/drive.o
                0x00000000038025f0                Drive::get_SidewaysTracker_position()
 *fill*         0x000000000380266c        0x4 
 .text._ZN5Drive14position_trackEv
                0x0000000003802670       0x88 build/src/JAR-Template/drive.o
                0x0000000003802670                Drive::position_track()
 .text._ZN5Drive14control_arcadeEv
                0x00000000038026f8      0x1a0 build/src/JAR-Template/drive.o
                0x00000000038026f8                Drive::control_arcade()
 .text._GLOBAL__sub_I_drive.cpp
                0x0000000003802898       0x34 build/src/JAR-Template/drive.o
 .text._ZN4Odom22set_physical_distancesEff
                0x00000000038028cc        0x8 build/src/JAR-Template/odom.o
                0x00000000038028cc                Odom::set_physical_distances(float, float)
 .text._ZN4Odom12set_positionEfffff
                0x00000000038028d4       0x1c build/src/JAR-Template/odom.o
                0x00000000038028d4                Odom::set_position(float, float, float, float, float)
 .text._ZN4Odom15update_positionEfff
                0x00000000038028f0      0x1a4 build/src/JAR-Template/odom.o
                0x00000000038028f0                Odom::update_position(float, float, float)
 .text._Z15reduce_0_to_360f
                0x0000000003802a94       0x7c build/src/JAR-Template/util.o
                0x0000000003802a94                reduce_0_to_360(float)
 .text._Z26reduce_negative_180_to_180f
                0x0000000003802b10       0x90 build/src/JAR-Template/util.o
                0x0000000003802b10                reduce_negative_180_to_180(float)
 .text._Z6to_radf
                0x0000000003802ba0       0x28 build/src/JAR-Template/util.o
                0x0000000003802ba0                to_rad(float)
 .text._Z5clampfff
                0x0000000003802bc8       0x2c build/src/JAR-Template/util.o
                0x0000000003802bc8                clamp(float, float, float)
 .text._Z11is_reversedd
                0x0000000003802bf4       0x18 build/src/JAR-Template/util.o
                0x0000000003802bf4                is_reversed(double)
 *fill*         0x0000000003802c0c        0x4 
 .text._Z7to_voltf
                0x0000000003802c10       0x30 build/src/JAR-Template/util.o
                0x0000000003802c10                to_volt(float)
 .text.vexMain  0x0000000003802c40       0xb0 /Applications/VEXcode Pro V5.app/Contents/Resources/sdk/vexv5/libv5rt.a(v5_startup.c.obj)
                0x0000000003802c40                vexMain
 .text.__vex_function_prolog
                0x0000000003802cf0       0x18 /Applications/VEXcode Pro V5.app/Contents/Resources/sdk/vexv5/libv5rt.a(v5_startup.c.obj)
                0x0000000003802cf0                __vex_function_prolog
 .text._init    0x0000000003802d08        0x4 /Applications/VEXcode Pro V5.app/Contents/Resources/sdk/vexv5/libv5rt.a(v5_startup.c.obj)
                0x0000000003802d08                _init
 .text._fini    0x0000000003802d0c        0x4 /Applications/VEXcode Pro V5.app/Contents/Resources/sdk/vexv5/libv5rt.a(v5_startup.c.obj)
                0x0000000003802d0c                _fini
 .text.vexStdlibVersionLinked
                0x0000000003802d10        0xc /Applications/VEXcode Pro V5.app/Contents/Resources/sdk/vexv5/libv5rt.a(v5_util.c.obj)
                0x0000000003802d10                vexStdlibVersionLinked
 .text.vexStdlibVersionVerify
                0x0000000003802d1c       0x30 /Applications/VEXcode Pro V5.app/Contents/Resources/sdk/vexv5/libv5rt.a(v5_util.c.obj)
                0x0000000003802d1c                vexStdlibVersionVerify
 .text.vexPrivateApiEnable
                0x0000000003802d4c       0x10 /Applications/VEXcode Pro V5.app/Contents/Resources/sdk/vexv5/libv5rt.a(v5_apijump.c.obj)
                0x0000000003802d4c                vexPrivateApiEnable
 .text.vexStdlibMismatchError
                0x0000000003802d5c       0x3c /Applications/VEXcode Pro V5.app/Contents/Resources/sdk/vexv5/libv5rt.a(v5_apijump.c.obj)
                0x0000000003802d5c                vexStdlibMismatchError
 .text.vexTaskAdd
                0x0000000003802d98       0x10 /Applications/VEXcode Pro V5.app/Contents/Resources/sdk/vexv5/libv5rt.a(v5_apijump.c.obj)
                0x0000000003802d98                vexTaskAdd
 .text.vexTasksRun
                0x0000000003802da8       0x10 /Applications/VEXcode Pro V5.app/Contents/Resources/sdk/vexv5/libv5rt.a(v5_apijump.c.obj)
                0x0000000003802da8                vexTasksRun
 .text.vexTaskYield
                0x0000000003802db8       0x10 /Applications/VEXcode Pro V5.app/Contents/Resources/sdk/vexv5/libv5rt.a(v5_apijump.c.obj)
                0x0000000003802db8                vexTaskYield
 .text.vexTaskCheckTimeslice
                0x0000000003802dc8       0x10 /Applications/VEXcode Pro V5.app/Contents/Resources/sdk/vexv5/libv5rt.a(v5_apijump.c.obj)
                0x0000000003802dc8                vexTaskCheckTimeslice
 .text.vexTaskGetIndex
                0x0000000003802dd8       0x10 /Applications/VEXcode Pro V5.app/Contents/Resources/sdk/vexv5/libv5rt.a(v5_apijump.c.obj)
                0x0000000003802dd8                vexTaskGetIndex
 .text.vexTaskSleep
                0x0000000003802de8       0x10 /Applications/VEXcode Pro V5.app/Contents/Resources/sdk/vexv5/libv5rt.a(v5_apijump.c.obj)
                0x0000000003802de8                vexTaskSleep
 .text.vexTasksDump
                0x0000000003802df8       0x1c /Applications/VEXcode Pro V5.app/Contents/Resources/sdk/vexv5/libv5rt.a(v5_apijump.c.obj)
                0x0000000003802df8                vexTasksDump
 .text.vexTaskGetTaskIndex
                0x0000000003802e14       0x10 /Applications/VEXcode Pro V5.app/Contents/Resources/sdk/vexv5/libv5rt.a(v5_apijump.c.obj)
                0x0000000003802e14                vexTaskGetTaskIndex
 .text.vexTaskStopAll
                0x0000000003802e24       0x10 /Applications/VEXcode Pro V5.app/Contents/Resources/sdk/vexv5/libv5rt.a(v5_apijump.c.obj)
                0x0000000003802e24                vexTaskStopAll
 .text.vexTaskRemoveAllUser
                0x0000000003802e34       0x34 /Applications/VEXcode Pro V5.app/Contents/Resources/sdk/vexv5/libv5rt.a(v5_apijump.c.obj)
                0x0000000003802e34                vexTaskRemoveAllUser
 .text.vexTaskCompletionIdSet
                0x0000000003802e68       0x10 /Applications/VEXcode Pro V5.app/Contents/Resources/sdk/vexv5/libv5rt.a(v5_apijump.c.obj)
                0x0000000003802e68                vexTaskCompletionIdSet
 .text.vexTaskStopWithId
                0x0000000003802e78       0x10 /Applications/VEXcode Pro V5.app/Contents/Resources/sdk/vexv5/libv5rt.a(v5_apijump.c.obj)
                0x0000000003802e78                vexTaskStopWithId
 .text.vexTaskGetCallbackAndId
                0x0000000003802e88       0x54 /Applications/VEXcode Pro V5.app/Contents/Resources/sdk/vexv5/libv5rt.a(v5_apijump.c.obj)
                0x0000000003802e88                vexTaskGetCallbackAndId
 .text.vexCriticalSection
                0x0000000003802edc       0x2c /Applications/VEXcode Pro V5.app/Contents/Resources/sdk/vexv5/libv5rt.a(v5_apijump.c.obj)
                0x0000000003802edc                vexCriticalSection
 .text.vexEventAdd
                0x0000000003802f08       0x34 /Applications/VEXcode Pro V5.app/Contents/Resources/sdk/vexv5/libv5rt.a(v5_apijump.c.obj)
                0x0000000003802f08                vexEventAdd
 .text.vexEventUserIndexGet
                0x0000000003802f3c       0x1c /Applications/VEXcode Pro V5.app/Contents/Resources/sdk/vexv5/libv5rt.a(v5_apijump.c.obj)
                0x0000000003802f3c                vexEventUserIndexGet
 .text.vexEventAddWithArg
                0x0000000003802f58       0x3c /Applications/VEXcode Pro V5.app/Contents/Resources/sdk/vexv5/libv5rt.a(v5_apijump.c.obj)
                0x0000000003802f58                vexEventAddWithArg
 .text.vexEventsCleanup
                0x0000000003802f94       0x2c /Applications/VEXcode Pro V5.app/Contents/Resources/sdk/vexv5/libv5rt.a(v5_apijump.c.obj)
                0x0000000003802f94                vexEventsCleanup
 .text.vexDebug
                0x0000000003802fc0       0x38 /Applications/VEXcode Pro V5.app/Contents/Resources/sdk/vexv5/libv5rt.a(v5_apijump.c.obj)
                0x0000000003802fc0                vexDebug
 .text.vex_sprintf
                0x0000000003802ff8       0x40 /Applications/VEXcode Pro V5.app/Contents/Resources/sdk/vexv5/libv5rt.a(v5_apijump.c.obj)
                0x0000000003802ff8                vex_sprintf
 .text.vex_vsnprintf
                0x0000000003803038       0x3c /Applications/VEXcode Pro V5.app/Contents/Resources/sdk/vexv5/libv5rt.a(v5_apijump.c.obj)
                0x0000000003803038                vex_vsnprintf
 .text.vexSystemTimeGet
                0x0000000003803074       0x1c /Applications/VEXcode Pro V5.app/Contents/Resources/sdk/vexv5/libv5rt.a(v5_apijump.c.obj)
                0x0000000003803074                vexSystemTimeGet
 .text.vexSystemExitRequest
                0x0000000003803090       0x1c /Applications/VEXcode Pro V5.app/Contents/Resources/sdk/vexv5/libv5rt.a(v5_apijump.c.obj)
                0x0000000003803090                vexSystemExitRequest
 .text.vexDeviceGetByIndex
                0x00000000038030ac       0x24 /Applications/VEXcode Pro V5.app/Contents/Resources/sdk/vexv5/libv5rt.a(v5_apijump.c.obj)
                0x00000000038030ac                vexDeviceGetByIndex
 .text.vexControllerGet
                0x00000000038030d0       0x2c /Applications/VEXcode Pro V5.app/Contents/Resources/sdk/vexv5/libv5rt.a(v5_apijump.c.obj)
                0x00000000038030d0                vexControllerGet
 .text.vexDeviceAdiPortConfigSet
                0x00000000038030fc       0x34 /Applications/VEXcode Pro V5.app/Contents/Resources/sdk/vexv5/libv5rt.a(v5_apijump.c.obj)
                0x00000000038030fc                vexDeviceAdiPortConfigSet
 .text.vexDeviceAdiPortConfigGet
                0x0000000003803130       0x2c /Applications/VEXcode Pro V5.app/Contents/Resources/sdk/vexv5/libv5rt.a(v5_apijump.c.obj)
                0x0000000003803130                vexDeviceAdiPortConfigGet
 .text.vexDeviceAdiValueSet
                0x000000000380315c       0x34 /Applications/VEXcode Pro V5.app/Contents/Resources/sdk/vexv5/libv5rt.a(v5_apijump.c.obj)
                0x000000000380315c                vexDeviceAdiValueSet
 .text.vexDeviceAdiValueGet
                0x0000000003803190       0x2c /Applications/VEXcode Pro V5.app/Contents/Resources/sdk/vexv5/libv5rt.a(v5_apijump.c.obj)
                0x0000000003803190                vexDeviceAdiValueGet
 .text.vexDeviceMotorVelocitySet
                0x00000000038031bc       0x2c /Applications/VEXcode Pro V5.app/Contents/Resources/sdk/vexv5/libv5rt.a(v5_apijump.c.obj)
                0x00000000038031bc                vexDeviceMotorVelocitySet
 .text.vexDeviceMotorVoltageSet
                0x00000000038031e8       0x2c /Applications/VEXcode Pro V5.app/Contents/Resources/sdk/vexv5/libv5rt.a(v5_apijump.c.obj)
                0x00000000038031e8                vexDeviceMotorVoltageSet
 .text.vexDeviceMotorVelocityGet
                0x0000000003803214       0x24 /Applications/VEXcode Pro V5.app/Contents/Resources/sdk/vexv5/libv5rt.a(v5_apijump.c.obj)
                0x0000000003803214                vexDeviceMotorVelocityGet
 .text.vexDeviceMotorActualVelocityGet
                0x0000000003803238       0x24 /Applications/VEXcode Pro V5.app/Contents/Resources/sdk/vexv5/libv5rt.a(v5_apijump.c.obj)
                0x0000000003803238                vexDeviceMotorActualVelocityGet
 .text.vexDeviceMotorModeGet
                0x000000000380325c       0x24 /Applications/VEXcode Pro V5.app/Contents/Resources/sdk/vexv5/libv5rt.a(v5_apijump.c.obj)
                0x000000000380325c                vexDeviceMotorModeGet
 .text.vexDeviceMotorZeroPositionFlagGet
                0x0000000003803280       0x24 /Applications/VEXcode Pro V5.app/Contents/Resources/sdk/vexv5/libv5rt.a(v5_apijump.c.obj)
                0x0000000003803280                vexDeviceMotorZeroPositionFlagGet
 .text.vexDeviceMotorReverseFlagSet
                0x00000000038032a4       0x2c /Applications/VEXcode Pro V5.app/Contents/Resources/sdk/vexv5/libv5rt.a(v5_apijump.c.obj)
                0x00000000038032a4                vexDeviceMotorReverseFlagSet
 .text.vexDeviceMotorEncoderUnitsSet
                0x00000000038032d0       0x2c /Applications/VEXcode Pro V5.app/Contents/Resources/sdk/vexv5/libv5rt.a(v5_apijump.c.obj)
                0x00000000038032d0                vexDeviceMotorEncoderUnitsSet
 .text.vexDeviceMotorBrakeModeSet
                0x00000000038032fc       0x2c /Applications/VEXcode Pro V5.app/Contents/Resources/sdk/vexv5/libv5rt.a(v5_apijump.c.obj)
                0x00000000038032fc                vexDeviceMotorBrakeModeSet
 .text.vexDeviceMotorPositionSet
                0x0000000003803328       0x34 /Applications/VEXcode Pro V5.app/Contents/Resources/sdk/vexv5/libv5rt.a(v5_apijump.c.obj)
                0x0000000003803328                vexDeviceMotorPositionSet
 .text.vexDeviceMotorPositionGet
                0x000000000380335c       0x24 /Applications/VEXcode Pro V5.app/Contents/Resources/sdk/vexv5/libv5rt.a(v5_apijump.c.obj)
                0x000000000380335c                vexDeviceMotorPositionGet
 .text.vexDeviceMotorRelativeTargetSet
                0x0000000003803380       0x3c /Applications/VEXcode Pro V5.app/Contents/Resources/sdk/vexv5/libv5rt.a(v5_apijump.c.obj)
                0x0000000003803380                vexDeviceMotorRelativeTargetSet
 .text.vexDeviceMotorGearingSet
                0x00000000038033bc       0x2c /Applications/VEXcode Pro V5.app/Contents/Resources/sdk/vexv5/libv5rt.a(v5_apijump.c.obj)
                0x00000000038033bc                vexDeviceMotorGearingSet
 .text.vexDeviceMotorGearingGet
                0x00000000038033e8       0x24 /Applications/VEXcode Pro V5.app/Contents/Resources/sdk/vexv5/libv5rt.a(v5_apijump.c.obj)
                0x00000000038033e8                vexDeviceMotorGearingGet
 .text.vexDeviceImuReset
                0x000000000380340c       0x24 /Applications/VEXcode Pro V5.app/Contents/Resources/sdk/vexv5/libv5rt.a(v5_apijump.c.obj)
                0x000000000380340c                vexDeviceImuReset
 .text.vexDeviceImuHeadingGet
                0x0000000003803430       0x24 /Applications/VEXcode Pro V5.app/Contents/Resources/sdk/vexv5/libv5rt.a(v5_apijump.c.obj)
                0x0000000003803430                vexDeviceImuHeadingGet
 .text.vexDeviceImuDegreesGet
                0x0000000003803454       0x24 /Applications/VEXcode Pro V5.app/Contents/Resources/sdk/vexv5/libv5rt.a(v5_apijump.c.obj)
                0x0000000003803454                vexDeviceImuDegreesGet
 .text.vexDeviceImuStatusGet
                0x0000000003803478       0x24 /Applications/VEXcode Pro V5.app/Contents/Resources/sdk/vexv5/libv5rt.a(v5_apijump.c.obj)
                0x0000000003803478                vexDeviceImuStatusGet
 .text.vexDeviceAbsEncPositionGet
                0x000000000380349c       0x24 /Applications/VEXcode Pro V5.app/Contents/Resources/sdk/vexv5/libv5rt.a(v5_apijump.c.obj)
                0x000000000380349c                vexDeviceAbsEncPositionGet
 .text.vexDeviceAbsEncAngleGet
                0x00000000038034c0       0x24 /Applications/VEXcode Pro V5.app/Contents/Resources/sdk/vexv5/libv5rt.a(v5_apijump.c.obj)
                0x00000000038034c0                vexDeviceAbsEncAngleGet
 .text.vexDeviceAbsEncReverseFlagSet
                0x00000000038034e4       0x2c /Applications/VEXcode Pro V5.app/Contents/Resources/sdk/vexv5/libv5rt.a(v5_apijump.c.obj)
                0x00000000038034e4                vexDeviceAbsEncReverseFlagSet
 .text.vexDisplayForegroundColor
                0x0000000003803510       0x24 /Applications/VEXcode Pro V5.app/Contents/Resources/sdk/vexv5/libv5rt.a(v5_apijump.c.obj)
                0x0000000003803510                vexDisplayForegroundColor
 .text.vexDisplayBackgroundColor
                0x0000000003803534       0x24 /Applications/VEXcode Pro V5.app/Contents/Resources/sdk/vexv5/libv5rt.a(v5_apijump.c.obj)
                0x0000000003803534                vexDisplayBackgroundColor
 .text.vexDisplayBackgroundColorGet
                0x0000000003803558       0x1c /Applications/VEXcode Pro V5.app/Contents/Resources/sdk/vexv5/libv5rt.a(v5_apijump.c.obj)
                0x0000000003803558                vexDisplayBackgroundColorGet
 .text.vexDisplayRectClear
                0x0000000003803574       0x4c /Applications/VEXcode Pro V5.app/Contents/Resources/sdk/vexv5/libv5rt.a(v5_apijump.c.obj)
                0x0000000003803574                vexDisplayRectClear
 .text.vexDisplayVPrintf
                0x00000000038035c0       0x50 /Applications/VEXcode Pro V5.app/Contents/Resources/sdk/vexv5/libv5rt.a(v5_apijump.c.obj)
                0x00000000038035c0                vexDisplayVPrintf
 .text.vexDisplayTextReference
                0x0000000003803610       0x24 /Applications/VEXcode Pro V5.app/Contents/Resources/sdk/vexv5/libv5rt.a(v5_apijump.c.obj)
                0x0000000003803610                vexDisplayTextReference
 .text.vexDisplayTextSize
                0x0000000003803634       0x2c /Applications/VEXcode Pro V5.app/Contents/Resources/sdk/vexv5/libv5rt.a(v5_apijump.c.obj)
                0x0000000003803634                vexDisplayTextSize
 .text.vexDisplayFontNamedSet
                0x0000000003803660       0x24 /Applications/VEXcode Pro V5.app/Contents/Resources/sdk/vexv5/libv5rt.a(v5_apijump.c.obj)
                0x0000000003803660                vexDisplayFontNamedSet
 .text.vexDisplayStringWidthGet
                0x0000000003803684       0x24 /Applications/VEXcode Pro V5.app/Contents/Resources/sdk/vexv5/libv5rt.a(v5_apijump.c.obj)
                0x0000000003803684                vexDisplayStringWidthGet
 .text.vexSystemStdlibImpureDataAddr
                0x00000000038036a8       0x28 /Applications/VEXcode Pro V5.app/Contents/Resources/sdk/vexv5/libv5rt.a(v5_apijump.c.obj)
                0x00000000038036a8                vexSystemStdlibImpureDataAddr
 .text.vexSystemStdlibImpureDataSize
                0x00000000038036d0       0x28 /Applications/VEXcode Pro V5.app/Contents/Resources/sdk/vexv5/libv5rt.a(v5_apijump.c.obj)
                0x00000000038036d0                vexSystemStdlibImpureDataSize
 .text.vexSystemSaveUserData
                0x00000000038036f8       0x3c /Applications/VEXcode Pro V5.app/Contents/Resources/sdk/vexv5/libv5rt.a(v5_apijump.c.obj)
                0x00000000038036f8                vexSystemSaveUserData
 .text.vexTouchDataGet
                0x0000000003803734       0x10 /Applications/VEXcode Pro V5.app/Contents/Resources/sdk/vexv5/libv5rt.a(v5_apijump.c.obj)
                0x0000000003803734                vexTouchDataGet
 .text.vexDisplayThemeIdGet
                0x0000000003803744       0x38 /Applications/VEXcode Pro V5.app/Contents/Resources/sdk/vexv5/libv5rt.a(v5_apijump.c.obj)
                0x0000000003803744                vexDisplayThemeIdGet
 .text.vexDeviceEventMaskSet
                0x000000000380377c       0x48 /Applications/VEXcode Pro V5.app/Contents/Resources/sdk/vexv5/libv5rt.a(v5_apijump.c.obj)
                0x000000000380377c                vexDeviceEventMaskSet
 .text.vexDeviceEventMaskGet
                0x00000000038037c4       0x3c /Applications/VEXcode Pro V5.app/Contents/Resources/sdk/vexv5/libv5rt.a(v5_apijump.c.obj)
                0x00000000038037c4                vexDeviceEventMaskGet
 .text.vexSystemVersion
                0x0000000003803800       0x10 /Applications/VEXcode Pro V5.app/Contents/Resources/sdk/vexv5/libv5rt.a(v5_apiversions.c.obj)
                0x0000000003803800                vexSystemVersion
 .text.vexStdlibVersion
                0x0000000003803810       0x10 /Applications/VEXcode Pro V5.app/Contents/Resources/sdk/vexv5/libv5rt.a(v5_apiversions.c.obj)
                0x0000000003803810                vexStdlibVersion
 .text._ZN3vex4waitEdNS_9timeUnitsE
                0x0000000003803820       0x30 /Applications/VEXcode Pro V5.app/Contents/Resources/sdk/vexv5/libv5rt.a(vex_global.cpp.obj)
                0x0000000003803820                vex::wait(double, vex::timeUnits)
 .text._ZN3vex5motorD2Ev
                0x0000000003803850       0x20 /Applications/VEXcode Pro V5.app/Contents/Resources/sdk/vexv5/libv5rt.a(vex_motor.cpp.obj)
                0x0000000003803850                vex::motor::~motor()
                0x0000000003803850                vex::motor::~motor()
 .text._ZN3vex5motorD0Ev
                0x0000000003803870       0x1c /Applications/VEXcode Pro V5.app/Contents/Resources/sdk/vexv5/libv5rt.a(vex_motor.cpp.obj)
                0x0000000003803870                vex::motor::~motor()
 .text._ZN3vex5motor9installedEv
                0x000000000380388c       0x18 /Applications/VEXcode Pro V5.app/Contents/Resources/sdk/vexv5/libv5rt.a(vex_motor.cpp.obj)
                0x000000000380388c                vex::motor::installed()
 .text._ZN3vex5motor15defaultStoppingENS_9brakeTypeE
                0x00000000038038a4       0x30 /Applications/VEXcode Pro V5.app/Contents/Resources/sdk/vexv5/libv5rt.a(vex_motor.cpp.obj)
                0x00000000038038a4                vex::motor::defaultStopping(vex::brakeType)
 .text._ZN3vex5motor11setStoppingENS_9brakeTypeE
                0x00000000038038d4        0x4 /Applications/VEXcode Pro V5.app/Contents/Resources/sdk/vexv5/libv5rt.a(vex_motor.cpp.obj)
                0x00000000038038d4                vex::motor::setStopping(vex::brakeType)
 .text._ZN3vex5motorC2El
                0x00000000038038d8       0x78 /Applications/VEXcode Pro V5.app/Contents/Resources/sdk/vexv5/libv5rt.a(vex_motor.cpp.obj)
                0x00000000038038d8                vex::motor::motor(long)
                0x00000000038038d8                vex::motor::motor(long)
 .text._ZN3vex5motorC2ElNS_11gearSettingEb
                0x0000000003803950       0x34 /Applications/VEXcode Pro V5.app/Contents/Resources/sdk/vexv5/libv5rt.a(vex_motor.cpp.obj)
                0x0000000003803950                vex::motor::motor(long, vex::gearSetting, bool)
                0x0000000003803950                vex::motor::motor(long, vex::gearSetting, bool)
 .text._ZN3vex5motorC2Elb
                0x0000000003803984       0x24 /Applications/VEXcode Pro V5.app/Contents/Resources/sdk/vexv5/libv5rt.a(vex_motor.cpp.obj)
                0x0000000003803984                vex::motor::motor(long, bool)
                0x0000000003803984                vex::motor::motor(long, bool)
 .text._ZN3vex5motor4spinENS_13directionTypeEdNS_12voltageUnitsE
                0x00000000038039a8       0x50 /Applications/VEXcode Pro V5.app/Contents/Resources/sdk/vexv5/libv5rt.a(vex_motor.cpp.obj)
                0x00000000038039a8                vex::motor::spin(vex::directionType, double, vex::voltageUnits)
 .text._ZN3vex5motor14isSpinningModeEv
                0x00000000038039f8       0x48 /Applications/VEXcode Pro V5.app/Contents/Resources/sdk/vexv5/libv5rt.a(vex_motor.cpp.obj)
                0x00000000038039f8                vex::motor::isSpinningMode()
 .text._ZN3vex5motor4stopENS_9brakeTypeE
                0x0000000003803a40       0x30 /Applications/VEXcode Pro V5.app/Contents/Resources/sdk/vexv5/libv5rt.a(vex_motor.cpp.obj)
                0x0000000003803a40                vex::motor::stop(vex::brakeType)
 .text._ZN3vex5motor4stopEv
                0x0000000003803a70        0x8 /Applications/VEXcode Pro V5.app/Contents/Resources/sdk/vexv5/libv5rt.a(vex_motor.cpp.obj)
                0x0000000003803a70                vex::motor::stop()
 .text._ZN3vex5motor16velocityToScaledEdNS_13velocityUnitsE
                0x0000000003803a78       0x5c /Applications/VEXcode Pro V5.app/Contents/Resources/sdk/vexv5/libv5rt.a(vex_motor.cpp.obj)
                0x0000000003803a78                vex::motor::velocityToScaled(double, vex::velocityUnits)
 .text._ZN3vex5motor8velocityENS_13velocityUnitsE
                0x0000000003803ad4       0x30 /Applications/VEXcode Pro V5.app/Contents/Resources/sdk/vexv5/libv5rt.a(vex_motor.cpp.obj)
                0x0000000003803ad4                vex::motor::velocity(vex::velocityUnits)
 .text._ZN3vex5motor5valueEv
                0x0000000003803b04       0x1c /Applications/VEXcode Pro V5.app/Contents/Resources/sdk/vexv5/libv5rt.a(vex_motor.cpp.obj)
                0x0000000003803b04                vex::motor::value()
 .text._ZN3vex5motor16scaledToVelocityEdNS_13velocityUnitsE
                0x0000000003803b20       0xa4 /Applications/VEXcode Pro V5.app/Contents/Resources/sdk/vexv5/libv5rt.a(vex_motor.cpp.obj)
                0x0000000003803b20                vex::motor::scaledToVelocity(double, vex::velocityUnits)
 .text._ZN3vex5motor4spinENS_13directionTypeEdNS_13velocityUnitsE
                0x0000000003803bc4       0x5c /Applications/VEXcode Pro V5.app/Contents/Resources/sdk/vexv5/libv5rt.a(vex_motor.cpp.obj)
                0x0000000003803bc4                vex::motor::spin(vex::directionType, double, vex::velocityUnits)
 .text._ZN3vex5motor4spinENS_13directionTypeE
                0x0000000003803c20       0x28 /Applications/VEXcode Pro V5.app/Contents/Resources/sdk/vexv5/libv5rt.a(vex_motor.cpp.obj)
                0x0000000003803c20                vex::motor::spin(vex::directionType)
 .text._ZN3vex5motor11setVelocityEdNS_13velocityUnitsE
                0x0000000003803c48       0x54 /Applications/VEXcode Pro V5.app/Contents/Resources/sdk/vexv5/libv5rt.a(vex_motor.cpp.obj)
                0x0000000003803c48                vex::motor::setVelocity(double, vex::velocityUnits)
 .text._ZN3vex5motor16setRotationUnitsENS_13rotationUnitsE
                0x0000000003803c9c       0x1c /Applications/VEXcode Pro V5.app/Contents/Resources/sdk/vexv5/libv5rt.a(vex_motor.cpp.obj)
                0x0000000003803c9c                vex::motor::setRotationUnits(vex::rotationUnits)
 .text._ZN3vex5motor7spinForEdNS_13rotationUnitsEdNS_13velocityUnitsEb
                0x0000000003803cb8       0xf4 /Applications/VEXcode Pro V5.app/Contents/Resources/sdk/vexv5/libv5rt.a(vex_motor.cpp.obj)
                0x0000000003803cb8                vex::motor::spinFor(double, vex::rotationUnits, double, vex::velocityUnits, bool)
 .text._ZN3vex5motor7spinForENS_13directionTypeEdNS_13rotationUnitsEb
                0x0000000003803dac       0x3c /Applications/VEXcode Pro V5.app/Contents/Resources/sdk/vexv5/libv5rt.a(vex_motor.cpp.obj)
                0x0000000003803dac                vex::motor::spinFor(vex::directionType, double, vex::rotationUnits, bool)
 .text._ZN3vex5motor8positionENS_13rotationUnitsE
                0x0000000003803de8       0x44 /Applications/VEXcode Pro V5.app/Contents/Resources/sdk/vexv5/libv5rt.a(vex_motor.cpp.obj)
                0x0000000003803de8                vex::motor::position(vex::rotationUnits)
 .text._ZN3vex8inertial11getTurnTypeEv
                0x0000000003803e2c        0x8 /Applications/VEXcode Pro V5.app/Contents/Resources/sdk/vexv5/libv5rt.a(vex_imu.cpp.obj)
                0x0000000003803e2c                vex::inertial::getTurnType()
 .text._ZThn16_N3vex8inertial11getTurnTypeEv
                0x0000000003803e34        0x8 /Applications/VEXcode Pro V5.app/Contents/Resources/sdk/vexv5/libv5rt.a(vex_imu.cpp.obj)
                0x0000000003803e34                non-virtual thunk to vex::inertial::getTurnType()
 *fill*         0x0000000003803e3c        0x4 
 .text._ZN3vex8inertial10setHeadingEdNS_13rotationUnitsE
                0x0000000003803e40       0x58 /Applications/VEXcode Pro V5.app/Contents/Resources/sdk/vexv5/libv5rt.a(vex_imu.cpp.obj)
                0x0000000003803e40                vex::inertial::setHeading(double, vex::rotationUnits)
 .text._ZThn16_N3vex8inertial10setHeadingEdNS_13rotationUnitsE
                0x0000000003803e98        0x8 /Applications/VEXcode Pro V5.app/Contents/Resources/sdk/vexv5/libv5rt.a(vex_imu.cpp.obj)
                0x0000000003803e98                non-virtual thunk to vex::inertial::setHeading(double, vex::rotationUnits)
 .text._ZN3vex8inertial11setRotationEdNS_13rotationUnitsE
                0x0000000003803ea0       0x58 /Applications/VEXcode Pro V5.app/Contents/Resources/sdk/vexv5/libv5rt.a(vex_imu.cpp.obj)
                0x0000000003803ea0                vex::inertial::setRotation(double, vex::rotationUnits)
 .text._ZThn16_N3vex8inertial11setRotationEdNS_13rotationUnitsE
                0x0000000003803ef8        0x8 /Applications/VEXcode Pro V5.app/Contents/Resources/sdk/vexv5/libv5rt.a(vex_imu.cpp.obj)
                0x0000000003803ef8                non-virtual thunk to vex::inertial::setRotation(double, vex::rotationUnits)
 .text._ZN3vex8inertialD2Ev
                0x0000000003803f00       0x20 /Applications/VEXcode Pro V5.app/Contents/Resources/sdk/vexv5/libv5rt.a(vex_imu.cpp.obj)
                0x0000000003803f00                vex::inertial::~inertial()
                0x0000000003803f00                vex::inertial::~inertial()
 .text._ZThn16_N3vex8inertialD1Ev
                0x0000000003803f20        0x8 /Applications/VEXcode Pro V5.app/Contents/Resources/sdk/vexv5/libv5rt.a(vex_imu.cpp.obj)
                0x0000000003803f20                non-virtual thunk to vex::inertial::~inertial()
 .text._ZN3vex8inertialD0Ev
                0x0000000003803f28       0x1c /Applications/VEXcode Pro V5.app/Contents/Resources/sdk/vexv5/libv5rt.a(vex_imu.cpp.obj)
                0x0000000003803f28                vex::inertial::~inertial()
 .text._ZThn16_N3vex8inertialD0Ev
                0x0000000003803f44        0x8 /Applications/VEXcode Pro V5.app/Contents/Resources/sdk/vexv5/libv5rt.a(vex_imu.cpp.obj)
                0x0000000003803f44                non-virtual thunk to vex::inertial::~inertial()
 .text._ZN3vex8inertial9installedEv
                0x0000000003803f4c       0x18 /Applications/VEXcode Pro V5.app/Contents/Resources/sdk/vexv5/libv5rt.a(vex_imu.cpp.obj)
                0x0000000003803f4c                vex::inertial::installed()
 .text._ZN3vex8inertial5angleENS_13rotationUnitsE
                0x0000000003803f64       0x6c /Applications/VEXcode Pro V5.app/Contents/Resources/sdk/vexv5/libv5rt.a(vex_imu.cpp.obj)
                0x0000000003803f64                vex::inertial::angle(vex::rotationUnits)
 .text._ZThn16_N3vex8inertial5angleENS_13rotationUnitsE
                0x0000000003803fd0        0x8 /Applications/VEXcode Pro V5.app/Contents/Resources/sdk/vexv5/libv5rt.a(vex_imu.cpp.obj)
                0x0000000003803fd0                non-virtual thunk to vex::inertial::angle(vex::rotationUnits)
 .text._ZN3vex8inertial7headingENS_13rotationUnitsE
                0x0000000003803fd8        0x4 /Applications/VEXcode Pro V5.app/Contents/Resources/sdk/vexv5/libv5rt.a(vex_imu.cpp.obj)
                0x0000000003803fd8                vex::inertial::heading(vex::rotationUnits)
 .text._ZThn16_N3vex8inertial7headingENS_13rotationUnitsE
                0x0000000003803fdc        0x8 /Applications/VEXcode Pro V5.app/Contents/Resources/sdk/vexv5/libv5rt.a(vex_imu.cpp.obj)
                0x0000000003803fdc                non-virtual thunk to vex::inertial::heading(vex::rotationUnits)
 .text._ZN3vex8inertial5valueEv
                0x0000000003803fe4       0x1c /Applications/VEXcode Pro V5.app/Contents/Resources/sdk/vexv5/libv5rt.a(vex_imu.cpp.obj)
                0x0000000003803fe4                vex::inertial::value()
 .text._ZN3vex8inertial8rotationENS_13rotationUnitsE
                0x0000000003804000       0x48 /Applications/VEXcode Pro V5.app/Contents/Resources/sdk/vexv5/libv5rt.a(vex_imu.cpp.obj)
                0x0000000003804000                vex::inertial::rotation(vex::rotationUnits)
 .text._ZThn16_N3vex8inertial8rotationENS_13rotationUnitsE
                0x0000000003804048        0x8 /Applications/VEXcode Pro V5.app/Contents/Resources/sdk/vexv5/libv5rt.a(vex_imu.cpp.obj)
                0x0000000003804048                non-virtual thunk to vex::inertial::rotation(vex::rotationUnits)
 .text._ZN3vex8inertial13isCalibratingEv
                0x0000000003804050       0x38 /Applications/VEXcode Pro V5.app/Contents/Resources/sdk/vexv5/libv5rt.a(vex_imu.cpp.obj)
                0x0000000003804050                vex::inertial::isCalibrating()
 .text._ZThn16_N3vex8inertial13isCalibratingEv
                0x0000000003804088        0x8 /Applications/VEXcode Pro V5.app/Contents/Resources/sdk/vexv5/libv5rt.a(vex_imu.cpp.obj)
                0x0000000003804088                non-virtual thunk to vex::inertial::isCalibrating()
 .text._ZN3vex8inertialC2ElNS_8turnTypeE
                0x0000000003804090       0x4c /Applications/VEXcode Pro V5.app/Contents/Resources/sdk/vexv5/libv5rt.a(vex_imu.cpp.obj)
                0x0000000003804090                vex::inertial::inertial(long, vex::turnType)
                0x0000000003804090                vex::inertial::inertial(long, vex::turnType)
 .text._ZN3vex8inertial16startCalibrationEl
                0x00000000038040dc       0x20 /Applications/VEXcode Pro V5.app/Contents/Resources/sdk/vexv5/libv5rt.a(vex_imu.cpp.obj)
                0x00000000038040dc                vex::inertial::startCalibration(long)
 .text._ZN3vex8inertial9calibrateEl
                0x00000000038040fc        0xc /Applications/VEXcode Pro V5.app/Contents/Resources/sdk/vexv5/libv5rt.a(vex_imu.cpp.obj)
                0x00000000038040fc                vex::inertial::calibrate(long)
                0x0000000003804100                non-virtual thunk to vex::inertial::calibrate(long)
 .text._ZN3vex8rotationD2Ev
                0x0000000003804108       0x20 /Applications/VEXcode Pro V5.app/Contents/Resources/sdk/vexv5/libv5rt.a(vex_rotation.cpp.obj)
                0x0000000003804108                vex::rotation::~rotation()
                0x0000000003804108                vex::rotation::~rotation()
 .text._ZN3vex8rotationD0Ev
                0x0000000003804128       0x1c /Applications/VEXcode Pro V5.app/Contents/Resources/sdk/vexv5/libv5rt.a(vex_rotation.cpp.obj)
                0x0000000003804128                vex::rotation::~rotation()
 .text._ZN3vex8rotation9installedEv
                0x0000000003804144       0x18 /Applications/VEXcode Pro V5.app/Contents/Resources/sdk/vexv5/libv5rt.a(vex_rotation.cpp.obj)
                0x0000000003804144                vex::rotation::installed()
 .text._ZN3vex8rotation5valueEv
                0x000000000380415c        0x8 /Applications/VEXcode Pro V5.app/Contents/Resources/sdk/vexv5/libv5rt.a(vex_rotation.cpp.obj)
                0x000000000380415c                vex::rotation::value()
 .text._ZN3vex8rotationC2Elb
                0x0000000003804164       0x30 /Applications/VEXcode Pro V5.app/Contents/Resources/sdk/vexv5/libv5rt.a(vex_rotation.cpp.obj)
                0x0000000003804164                vex::rotation::rotation(long, bool)
                0x0000000003804164                vex::rotation::rotation(long, bool)
 *fill*         0x0000000003804194        0x4 
 .text._ZN3vex8rotation8positionENS_13rotationUnitsE
                0x0000000003804198       0x50 /Applications/VEXcode Pro V5.app/Contents/Resources/sdk/vexv5/libv5rt.a(vex_rotation.cpp.obj)
                0x0000000003804198                vex::rotation::position(vex::rotationUnits)
 .text._ZN3vex10controllerD2Ev
                0x00000000038041e8        0x4 /Applications/VEXcode Pro V5.app/Contents/Resources/sdk/vexv5/libv5rt.a(vex_controller.cpp.obj)
                0x00000000038041e8                vex::controller::~controller()
                0x00000000038041e8                vex::controller::~controller()
 .text._ZN3vex10controller5valueE19_V5_ControllerIndex
                0x00000000038041ec        0x8 /Applications/VEXcode Pro V5.app/Contents/Resources/sdk/vexv5/libv5rt.a(vex_controller.cpp.obj)
                0x00000000038041ec                vex::controller::value(_V5_ControllerIndex)
 .text._ZNK3vex10controller6button8pressingEv
                0x00000000038041f4       0xc8 /Applications/VEXcode Pro V5.app/Contents/Resources/sdk/vexv5/libv5rt.a(vex_controller.cpp.obj)
                0x00000000038041f4                vex::controller::button::pressing() const
 .text._ZNK3vex10controller6button21_buttonToPressedEventEv
                0x00000000038042bc       0x20 /Applications/VEXcode Pro V5.app/Contents/Resources/sdk/vexv5/libv5rt.a(vex_controller.cpp.obj)
                0x00000000038042bc                vex::controller::button::_buttonToPressedEvent() const
 .text._ZNK3vex10controller6button22_buttonToReleasedEventEv
                0x00000000038042dc       0x20 /Applications/VEXcode Pro V5.app/Contents/Resources/sdk/vexv5/libv5rt.a(vex_controller.cpp.obj)
                0x00000000038042dc                vex::controller::button::_buttonToReleasedEvent() const
 .text._ZN3vex10controller6buttonC2ENS0_11tButtonTypeEPS0_
                0x00000000038042fc       0x48 /Applications/VEXcode Pro V5.app/Contents/Resources/sdk/vexv5/libv5rt.a(vex_controller.cpp.obj)
                0x00000000038042fc                vex::controller::button::button(vex::controller::tButtonType, vex::controller*)
                0x00000000038042fc                vex::controller::button::button(vex::controller::tButtonType, vex::controller*)
 .text._ZNK3vex10controller4axis5valueEv
                0x0000000003804344       0x58 /Applications/VEXcode Pro V5.app/Contents/Resources/sdk/vexv5/libv5rt.a(vex_controller.cpp.obj)
                0x0000000003804344                vex::controller::axis::value() const
 .text._ZNK3vex10controller4axis23_joystickToChangedEventEv
                0x000000000380439c       0x20 /Applications/VEXcode Pro V5.app/Contents/Resources/sdk/vexv5/libv5rt.a(vex_controller.cpp.obj)
                0x000000000380439c                vex::controller::axis::_joystickToChangedEvent() const
 .text._ZN3vex10controller4axisC2ENS0_9tAxisTypeEPS0_
                0x00000000038043bc       0x2c /Applications/VEXcode Pro V5.app/Contents/Resources/sdk/vexv5/libv5rt.a(vex_controller.cpp.obj)
                0x00000000038043bc                vex::controller::axis::axis(vex::controller::tAxisType, vex::controller*)
                0x00000000038043bc                vex::controller::axis::axis(vex::controller::tAxisType, vex::controller*)
 .text._ZN3vex10controllerC2ENS_14controllerTypeE
                0x00000000038043e8      0x16c /Applications/VEXcode Pro V5.app/Contents/Resources/sdk/vexv5/libv5rt.a(vex_controller.cpp.obj)
                0x00000000038043e8                vex::controller::controller(vex::controllerType)
                0x00000000038043e8                vex::controller::controller(vex::controllerType)
 .text._ZN3vex10controllerC2Ev
                0x0000000003804554      0x164 /Applications/VEXcode Pro V5.app/Contents/Resources/sdk/vexv5/libv5rt.a(vex_controller.cpp.obj)
                0x0000000003804554                vex::controller::controller()
                0x0000000003804554                vex::controller::controller()
 .text._ZN3vex4taskC2Ev
                0x00000000038046b8       0x28 /Applications/VEXcode Pro V5.app/Contents/Resources/sdk/vexv5/libv5rt.a(vex_task.cpp.obj)
                0x00000000038046b8                vex::task::task()
                0x00000000038046b8                vex::task::task()
 .text._ZN3vex4taskC2EPFivE
                0x00000000038046e0       0x5c /Applications/VEXcode Pro V5.app/Contents/Resources/sdk/vexv5/libv5rt.a(vex_task.cpp.obj)
                0x00000000038046e0                vex::task::task(int (*)())
                0x00000000038046e0                vex::task::task(int (*)())
 .text._ZN3vex4taskD2Ev
                0x000000000380473c        0x4 /Applications/VEXcode Pro V5.app/Contents/Resources/sdk/vexv5/libv5rt.a(vex_task.cpp.obj)
                0x000000000380473c                vex::task::~task()
                0x000000000380473c                vex::task::~task()
 .text._ZN3vex4task4stopEPvi
                0x0000000003804740       0x1c /Applications/VEXcode Pro V5.app/Contents/Resources/sdk/vexv5/libv5rt.a(vex_task.cpp.obj)
                0x0000000003804740                vex::task::stop(void*, int)
 .text._ZN3vex4task5sleepEm
                0x000000000380475c        0x4 /Applications/VEXcode Pro V5.app/Contents/Resources/sdk/vexv5/libv5rt.a(vex_task.cpp.obj)
                0x000000000380475c                vex::task::sleep(unsigned long)
 .text._ZN3vex4task6_indexEPFivE
                0x0000000003804760       0x14 /Applications/VEXcode Pro V5.app/Contents/Resources/sdk/vexv5/libv5rt.a(vex_task.cpp.obj)
                0x0000000003804760                vex::task::_index(int (*)())
 .text._ZN3vex4task8_stopAllEv
                0x0000000003804774       0x3c /Applications/VEXcode Pro V5.app/Contents/Resources/sdk/vexv5/libv5rt.a(vex_task.cpp.obj)
                0x0000000003804774                vex::task::_stopAll()
 .text._ZN3vex11this_thread9sleep_forEm
                0x00000000038047b0        0x4 /Applications/VEXcode Pro V5.app/Contents/Resources/sdk/vexv5/libv5rt.a(vex_thread.cpp.obj)
                0x00000000038047b0                vex::this_thread::sleep_for(unsigned long)
 .text._ZN3vex5event4initEmmPFvvE
                0x00000000038047b4        0x4 /Applications/VEXcode Pro V5.app/Contents/Resources/sdk/vexv5/libv5rt.a(vex_event.cpp.obj)
                0x00000000038047b4                vex::event::init(unsigned long, unsigned long, void (*)())
 .text._ZN3vex5event4initEmmPFvPvES1_
                0x00000000038047b8        0x4 /Applications/VEXcode Pro V5.app/Contents/Resources/sdk/vexv5/libv5rt.a(vex_event.cpp.obj)
                0x00000000038047b8                vex::event::init(unsigned long, unsigned long, void (*)(void*), void*)
 .text._ZN3vex5event9userindexEv
                0x00000000038047bc        0x4 /Applications/VEXcode Pro V5.app/Contents/Resources/sdk/vexv5/libv5rt.a(vex_event.cpp.obj)
                0x00000000038047bc                vex::event::userindex()
 .text._ZZN3vex6meventC4EmmENUlvE_4_FUNEv
                0x00000000038047c0        0x4 /Applications/VEXcode Pro V5.app/Contents/Resources/sdk/vexv5/libv5rt.a(vex_mevent.cpp.obj)
 .text._ZN3vex6meventC2Emm
                0x00000000038047c4       0x70 /Applications/VEXcode Pro V5.app/Contents/Resources/sdk/vexv5/libv5rt.a(vex_mevent.cpp.obj)
                0x00000000038047c4                vex::mevent::mevent(unsigned long, unsigned long)
                0x00000000038047c4                vex::mevent::mevent(unsigned long, unsigned long)
 .text._ZN3vex5brain9_getIndexEv
                0x0000000003804834       0x10 /Applications/VEXcode Pro V5.app/Contents/Resources/sdk/vexv5/libv5rt.a(vex_brain.cpp.obj)
                0x0000000003804834                vex::brain::_getIndex()
 .text._ZN3vex5brain3lcd9setCursorEll
                0x0000000003804844       0x44 /Applications/VEXcode Pro V5.app/Contents/Resources/sdk/vexv5/libv5rt.a(vex_brain.cpp.obj)
                0x0000000003804844                vex::brain::lcd::setCursor(long, long)
 .text._ZN3vex5brain3lcd7setFontENS_8fontTypeE
                0x0000000003804888      0x23c /Applications/VEXcode Pro V5.app/Contents/Resources/sdk/vexv5/libv5rt.a(vex_brain.cpp.obj)
                0x0000000003804888                vex::brain::lcd::setFont(vex::fontType)
 .text._ZN3vex5brain3lcdC2Ev
                0x0000000003804ac4       0x94 /Applications/VEXcode Pro V5.app/Contents/Resources/sdk/vexv5/libv5rt.a(vex_brain.cpp.obj)
                0x0000000003804ac4                vex::brain::lcd::lcd()
                0x0000000003804ac4                vex::brain::lcd::lcd()
 .text._ZN3vex5brainC2Ev
                0x0000000003804b58       0x3c /Applications/VEXcode Pro V5.app/Contents/Resources/sdk/vexv5/libv5rt.a(vex_brain.cpp.obj)
                0x0000000003804b58                vex::brain::brain()
                0x0000000003804b58                vex::brain::brain()
 .text._ZN3vex5brain3lcd7printAtEllPKcz
                0x0000000003804b94       0x54 /Applications/VEXcode Pro V5.app/Contents/Resources/sdk/vexv5/libv5rt.a(vex_brain.cpp.obj)
                0x0000000003804b94                vex::brain::lcd::printAt(long, long, char const*, ...)
 .text._ZN3vex5brain3lcd12_clearScreenEm
                0x0000000003804be8       0x38 /Applications/VEXcode Pro V5.app/Contents/Resources/sdk/vexv5/libv5rt.a(vex_brain.cpp.obj)
                0x0000000003804be8                vex::brain::lcd::_clearScreen(unsigned long)
 .text._ZN3vex5brain3lcd11clearScreenERKNS_5colorE
                0x0000000003804c20       0x20 /Applications/VEXcode Pro V5.app/Contents/Resources/sdk/vexv5/libv5rt.a(vex_brain.cpp.obj)
                0x0000000003804c20                vex::brain::lcd::clearScreen(vex::color const&)
 .text._ZN3vex5brain3lcd11clearScreenEv
                0x0000000003804c40       0x2c /Applications/VEXcode Pro V5.app/Contents/Resources/sdk/vexv5/libv5rt.a(vex_brain.cpp.obj)
                0x0000000003804c40                vex::brain::lcd::clearScreen()
 .text._ZN3vex5brain3lcd8pressingEv
                0x0000000003804c6c       0x20 /Applications/VEXcode Pro V5.app/Contents/Resources/sdk/vexv5/libv5rt.a(vex_brain.cpp.obj)
                0x0000000003804c6c                vex::brain::lcd::pressing()
 .text._ZN3vex5brain3lcd10rowToPixelEl
                0x0000000003804c8c       0x34 /Applications/VEXcode Pro V5.app/Contents/Resources/sdk/vexv5/libv5rt.a(vex_brain.cpp.obj)
                0x0000000003804c8c                vex::brain::lcd::rowToPixel(long)
 .text._ZN3vex5brain3lcd9clearLineEv
                0x0000000003804cc0       0x38 /Applications/VEXcode Pro V5.app/Contents/Resources/sdk/vexv5/libv5rt.a(vex_brain.cpp.obj)
                0x0000000003804cc0                vex::brain::lcd::clearLine()
 .text._ZN3vex5brain3lcd5printEPKcz
                0x0000000003804cf8       0xb8 /Applications/VEXcode Pro V5.app/Contents/Resources/sdk/vexv5/libv5rt.a(vex_brain.cpp.obj)
                0x0000000003804cf8                vex::brain::lcd::print(char const*, ...)
 .text._ZN3vex5brainD2Ev
                0x0000000003804db0       0x20 /Applications/VEXcode Pro V5.app/Contents/Resources/sdk/vexv5/libv5rt.a(vex_brain.cpp.obj)
                0x0000000003804db0                vex::brain::~brain()
                0x0000000003804db0                vex::brain::~brain()
 .text._ZN3vex11competition8_disableEPv
                0x0000000003804dd0       0xa4 /Applications/VEXcode Pro V5.app/Contents/Resources/sdk/vexv5/libv5rt.a(vex_competition.cpp.obj)
                0x0000000003804dd0                vex::competition::_disable(void*)
 .text._ZN3vex11competition11_autonomousEv
                0x0000000003804e74       0x80 /Applications/VEXcode Pro V5.app/Contents/Resources/sdk/vexv5/libv5rt.a(vex_competition.cpp.obj)
                0x0000000003804e74                vex::competition::_autonomous()
 .text._ZN3vex11competition14_drivercontrolEv
                0x0000000003804ef4       0x80 /Applications/VEXcode Pro V5.app/Contents/Resources/sdk/vexv5/libv5rt.a(vex_competition.cpp.obj)
                0x0000000003804ef4                vex::competition::_drivercontrol()
 .text._ZN3vex11competitionC2Ev
                0x0000000003804f74      0x13c /Applications/VEXcode Pro V5.app/Contents/Resources/sdk/vexv5/libv5rt.a(vex_competition.cpp.obj)
                0x0000000003804f74                vex::competition::competition()
                0x0000000003804f74                vex::competition::competition()
 .text._ZN3vex11competitionD2Ev
                0x00000000038050b0        0x4 /Applications/VEXcode Pro V5.app/Contents/Resources/sdk/vexv5/libv5rt.a(vex_competition.cpp.obj)
                0x00000000038050b0                vex::competition::~competition()
                0x00000000038050b0                vex::competition::~competition()
 .text._ZN3vex11competition10autonomousEPFvvE
                0x00000000038050b4       0x44 /Applications/VEXcode Pro V5.app/Contents/Resources/sdk/vexv5/libv5rt.a(vex_competition.cpp.obj)
                0x00000000038050b4                vex::competition::autonomous(void (*)())
 .text._ZN3vex11competition13drivercontrolEPFvvE
                0x00000000038050f8       0x44 /Applications/VEXcode Pro V5.app/Contents/Resources/sdk/vexv5/libv5rt.a(vex_competition.cpp.obj)
                0x00000000038050f8                vex::competition::drivercontrol(void (*)())
 .text._ZN3vex7triportD2Ev
                0x000000000380513c       0x38 /Applications/VEXcode Pro V5.app/Contents/Resources/sdk/vexv5/libv5rt.a(vex_triport.cpp.obj)
                0x000000000380513c                vex::triport::~triport()
                0x000000000380513c                vex::triport::~triport()
 .text._ZN3vex7triportD0Ev
                0x0000000003805174       0x1c /Applications/VEXcode Pro V5.app/Contents/Resources/sdk/vexv5/libv5rt.a(vex_triport.cpp.obj)
                0x0000000003805174                vex::triport::~triport()
 .text._ZN3vex7triport9installedEv
                0x0000000003805190       0x18 /Applications/VEXcode Pro V5.app/Contents/Resources/sdk/vexv5/libv5rt.a(vex_triport.cpp.obj)
                0x0000000003805190                vex::triport::installed()
 .text._ZN3vex7triport4portC2ElPS0_
                0x00000000038051a8       0x74 /Applications/VEXcode Pro V5.app/Contents/Resources/sdk/vexv5/libv5rt.a(vex_triport.cpp.obj)
                0x00000000038051a8                vex::triport::port::port(long, vex::triport*)
                0x00000000038051a8                vex::triport::port::port(long, vex::triport*)
 .text._ZN3vex7triportC2El
                0x000000000380521c       0xf0 /Applications/VEXcode Pro V5.app/Contents/Resources/sdk/vexv5/libv5rt.a(vex_triport.cpp.obj)
                0x000000000380521c                vex::triport::triport(long)
                0x000000000380521c                vex::triport::triport(long)
 .text._ZN3vex7triport4port4typeENS_11triportTypeE
                0x000000000380530c       0x30 /Applications/VEXcode Pro V5.app/Contents/Resources/sdk/vexv5/libv5rt.a(vex_triport.cpp.obj)
                0x000000000380530c                vex::triport::port::type(vex::triportType)
 .text._ZN3vex7triport4port4typeEv
                0x000000000380533c       0x38 /Applications/VEXcode Pro V5.app/Contents/Resources/sdk/vexv5/libv5rt.a(vex_triport.cpp.obj)
                0x000000000380533c                vex::triport::port::type()
 .text._ZN3vex7triport4port5valueEv
                0x0000000003805374       0x14 /Applications/VEXcode Pro V5.app/Contents/Resources/sdk/vexv5/libv5rt.a(vex_triport.cpp.obj)
                0x0000000003805374                vex::triport::port::value()
 .text._ZN3vex7triport4port5valueEl
                0x0000000003805388       0x18 /Applications/VEXcode Pro V5.app/Contents/Resources/sdk/vexv5/libv5rt.a(vex_triport.cpp.obj)
                0x0000000003805388                vex::triport::port::value(long)
 .text._ZN3vex7triport4port8rotationENS_13rotationUnitsE
                0x00000000038053a0       0x40 /Applications/VEXcode Pro V5.app/Contents/Resources/sdk/vexv5/libv5rt.a(vex_triport.cpp.obj)
                0x00000000038053a0                vex::triport::port::rotation(vex::rotationUnits)
 .text._ZN3vex11__trideviceC2ERNS_7triport4portENS_11triportTypeE
                0x00000000038053e0       0x5c /Applications/VEXcode Pro V5.app/Contents/Resources/sdk/vexv5/libv5rt.a(vex_triport.cpp.obj)
                0x00000000038053e0                vex::__tridevice::__tridevice(vex::triport::port&, vex::triportType)
                0x00000000038053e0                vex::__tridevice::__tridevice(vex::triport::port&, vex::triportType)
 .text._ZN3vex11digital_outC2ERNS_7triport4portE
                0x000000000380543c       0x18 /Applications/VEXcode Pro V5.app/Contents/Resources/sdk/vexv5/libv5rt.a(vex_triport.cpp.obj)
                0x000000000380543c                vex::digital_out::digital_out(vex::triport::port&)
                0x000000000380543c                vex::digital_out::digital_out(vex::triport::port&)
 .text._ZN3vex11digital_outD2Ev
                0x0000000003805454        0x4 /Applications/VEXcode Pro V5.app/Contents/Resources/sdk/vexv5/libv5rt.a(vex_triport.cpp.obj)
                0x0000000003805454                vex::digital_out::~digital_out()
                0x0000000003805454                vex::digital_out::~digital_out()
 .text._ZN3vex11digital_out3setEb
                0x0000000003805458        0x8 /Applications/VEXcode Pro V5.app/Contents/Resources/sdk/vexv5/libv5rt.a(vex_triport.cpp.obj)
                0x0000000003805458                vex::digital_out::set(bool)
 .text._ZN3vex7encoderC2ERNS_7triport4portE
                0x0000000003805460       0x20 /Applications/VEXcode Pro V5.app/Contents/Resources/sdk/vexv5/libv5rt.a(vex_triport.cpp.obj)
                0x0000000003805460                vex::encoder::encoder(vex::triport::port&)
                0x0000000003805460                vex::encoder::encoder(vex::triport::port&)
 .text._ZN3vex7encoderD2Ev
                0x0000000003805480        0x4 /Applications/VEXcode Pro V5.app/Contents/Resources/sdk/vexv5/libv5rt.a(vex_triport.cpp.obj)
                0x0000000003805480                vex::encoder::~encoder()
                0x0000000003805480                vex::encoder::~encoder()
 .text._ZN3vex7encoder8positionENS_13rotationUnitsE
                0x0000000003805484        0x8 /Applications/VEXcode Pro V5.app/Contents/Resources/sdk/vexv5/libv5rt.a(vex_triport.cpp.obj)
                0x0000000003805484                vex::encoder::position(vex::rotationUnits)
 .text._ZN3vex5colorD2Ev
                0x000000000380548c        0x4 /Applications/VEXcode Pro V5.app/Contents/Resources/sdk/vexv5/libv5rt.a(vex_color.cpp.obj)
                0x000000000380548c                vex::color::~color()
                0x000000000380548c                vex::color::~color()
 .text._ZNK3vex5colorcvmEv
                0x0000000003805490        0x8 /Applications/VEXcode Pro V5.app/Contents/Resources/sdk/vexv5/libv5rt.a(vex_color.cpp.obj)
                0x0000000003805490                vex::color::operator unsigned long() const
 .text.startup._GLOBAL__sub_I__ZN3vex5color5blackE
                0x0000000003805498      0x164 /Applications/VEXcode Pro V5.app/Contents/Resources/sdk/vexv5/libv5rt.a(vex_color.cpp.obj)
 .text._ZN3vex5timerD2Ev
                0x00000000038055fc        0x4 /Applications/VEXcode Pro V5.app/Contents/Resources/sdk/vexv5/libv5rt.a(vex_timer.cpp.obj)
                0x00000000038055fc                vex::timer::~timer()
                0x00000000038055fc                vex::timer::~timer()
 .text._ZN3vex5timer5clearEv
                0x0000000003805600       0x1c /Applications/VEXcode Pro V5.app/Contents/Resources/sdk/vexv5/libv5rt.a(vex_timer.cpp.obj)
                0x0000000003805600                vex::timer::clear()
 .text._ZN3vex5timerC2Ev
                0x000000000380561c       0x14 /Applications/VEXcode Pro V5.app/Contents/Resources/sdk/vexv5/libv5rt.a(vex_timer.cpp.obj)
                0x000000000380561c                vex::timer::timer()
                0x000000000380561c                vex::timer::timer()
 .text._ZN3vex11motor_group18motor_group_motorsC2Ev
                0x0000000003805630       0x28 /Applications/VEXcode Pro V5.app/Contents/Resources/sdk/vexv5/libv5rt.a(vex_motorgroup.cpp.obj)
                0x0000000003805630                vex::motor_group::motor_group_motors::motor_group_motors()
                0x0000000003805630                vex::motor_group::motor_group_motors::motor_group_motors()
 .text._ZN3vex11motor_group18motor_group_motorsC2ERKS1_
                0x0000000003805658       0x20 /Applications/VEXcode Pro V5.app/Contents/Resources/sdk/vexv5/libv5rt.a(vex_motorgroup.cpp.obj)
                0x0000000003805658                vex::motor_group::motor_group_motors::motor_group_motors(vex::motor_group::motor_group_motors const&)
                0x0000000003805658                vex::motor_group::motor_group_motors::motor_group_motors(vex::motor_group::motor_group_motors const&)
 .text._ZN3vex11motor_groupC2Ev
                0x0000000003805678       0x1c /Applications/VEXcode Pro V5.app/Contents/Resources/sdk/vexv5/libv5rt.a(vex_motorgroup.cpp.obj)
                0x0000000003805678                vex::motor_group::motor_group()
                0x0000000003805678                vex::motor_group::motor_group()
 .text._ZN3vex11motor_groupD2Ev
                0x0000000003805694        0x4 /Applications/VEXcode Pro V5.app/Contents/Resources/sdk/vexv5/libv5rt.a(vex_motorgroup.cpp.obj)
                0x0000000003805694                vex::motor_group::~motor_group()
                0x0000000003805694                vex::motor_group::~motor_group()
 .text._ZN3vex11motor_group9_addMotorERNS_5motorE
                0x0000000003805698       0x20 /Applications/VEXcode Pro V5.app/Contents/Resources/sdk/vexv5/libv5rt.a(vex_motorgroup.cpp.obj)
                0x0000000003805698                vex::motor_group::_addMotor(vex::motor&)
 .text._ZN3vex11motor_group4spinENS_13directionTypeEdNS_12voltageUnitsE
                0x00000000038056b8       0x54 /Applications/VEXcode Pro V5.app/Contents/Resources/sdk/vexv5/libv5rt.a(vex_motorgroup.cpp.obj)
                0x00000000038056b8                vex::motor_group::spin(vex::directionType, double, vex::voltageUnits)
 .text._ZN3vex11motor_group4stopENS_9brakeTypeE
                0x000000000380570c       0x38 /Applications/VEXcode Pro V5.app/Contents/Resources/sdk/vexv5/libv5rt.a(vex_motorgroup.cpp.obj)
                0x000000000380570c                vex::motor_group::stop(vex::brakeType)
 .text._ZN3vex11motor_group8positionENS_13rotationUnitsE
                0x0000000003805744        0xc /Applications/VEXcode Pro V5.app/Contents/Resources/sdk/vexv5/libv5rt.a(vex_motorgroup.cpp.obj)
                0x0000000003805744                vex::motor_group::position(vex::rotationUnits)
 .text.vexAdiPortConfigSet
                0x0000000003805750       0x28 /Applications/VEXcode Pro V5.app/Contents/Resources/sdk/vexv5/libv5rt.a(v5_apiuser.c.obj)
                0x0000000003805750                vexAdiPortConfigSet
 .text.vexAdiPortConfigGet
                0x0000000003805778       0x28 /Applications/VEXcode Pro V5.app/Contents/Resources/sdk/vexv5/libv5rt.a(v5_apiuser.c.obj)
                0x0000000003805778                vexAdiPortConfigGet
 .text.vexAdiValueSet
                0x00000000038057a0       0x28 /Applications/VEXcode Pro V5.app/Contents/Resources/sdk/vexv5/libv5rt.a(v5_apiuser.c.obj)
                0x00000000038057a0                vexAdiValueSet
 .text.vexAdiValueGet
                0x00000000038057c8       0x20 /Applications/VEXcode Pro V5.app/Contents/Resources/sdk/vexv5/libv5rt.a(v5_apiuser.c.obj)
                0x00000000038057c8                vexAdiValueGet
 .text.vexMotorVelocitySet
                0x00000000038057e8       0x20 /Applications/VEXcode Pro V5.app/Contents/Resources/sdk/vexv5/libv5rt.a(v5_apiuser.c.obj)
                0x00000000038057e8                vexMotorVelocitySet
 .text.vexMotorVoltageSet
                0x0000000003805808       0x20 /Applications/VEXcode Pro V5.app/Contents/Resources/sdk/vexv5/libv5rt.a(v5_apiuser.c.obj)
                0x0000000003805808                vexMotorVoltageSet
 .text.vexMotorVelocityGet
                0x0000000003805828       0x18 /Applications/VEXcode Pro V5.app/Contents/Resources/sdk/vexv5/libv5rt.a(v5_apiuser.c.obj)
                0x0000000003805828                vexMotorVelocityGet
 .text.vexMotorActualVelocityGet
                0x0000000003805840       0x24 /Applications/VEXcode Pro V5.app/Contents/Resources/sdk/vexv5/libv5rt.a(v5_apiuser.c.obj)
                0x0000000003805840                vexMotorActualVelocityGet
 .text.vexMotorModeGet
                0x0000000003805864       0x18 /Applications/VEXcode Pro V5.app/Contents/Resources/sdk/vexv5/libv5rt.a(v5_apiuser.c.obj)
                0x0000000003805864                vexMotorModeGet
 .text.vexMotorZeroPositionFlagGet
                0x000000000380587c       0x18 /Applications/VEXcode Pro V5.app/Contents/Resources/sdk/vexv5/libv5rt.a(v5_apiuser.c.obj)
                0x000000000380587c                vexMotorZeroPositionFlagGet
 .text.vexMotorReverseFlagSet
                0x0000000003805894       0x20 /Applications/VEXcode Pro V5.app/Contents/Resources/sdk/vexv5/libv5rt.a(v5_apiuser.c.obj)
                0x0000000003805894                vexMotorReverseFlagSet
 .text.vexMotorEncoderUnitsSet
                0x00000000038058b4       0x20 /Applications/VEXcode Pro V5.app/Contents/Resources/sdk/vexv5/libv5rt.a(v5_apiuser.c.obj)
                0x00000000038058b4                vexMotorEncoderUnitsSet
 .text.vexMotorBrakeModeSet
                0x00000000038058d4       0x20 /Applications/VEXcode Pro V5.app/Contents/Resources/sdk/vexv5/libv5rt.a(v5_apiuser.c.obj)
                0x00000000038058d4                vexMotorBrakeModeSet
 .text.vexMotorPositionSet
                0x00000000038058f4       0x28 /Applications/VEXcode Pro V5.app/Contents/Resources/sdk/vexv5/libv5rt.a(v5_apiuser.c.obj)
                0x00000000038058f4                vexMotorPositionSet
 .text.vexMotorPositionGet
                0x000000000380591c       0x24 /Applications/VEXcode Pro V5.app/Contents/Resources/sdk/vexv5/libv5rt.a(v5_apiuser.c.obj)
                0x000000000380591c                vexMotorPositionGet
 .text.vexMotorRelativeTargetSet
                0x0000000003805940       0x30 /Applications/VEXcode Pro V5.app/Contents/Resources/sdk/vexv5/libv5rt.a(v5_apiuser.c.obj)
                0x0000000003805940                vexMotorRelativeTargetSet
 .text.vexMotorGearingSet
                0x0000000003805970       0x20 /Applications/VEXcode Pro V5.app/Contents/Resources/sdk/vexv5/libv5rt.a(v5_apiuser.c.obj)
                0x0000000003805970                vexMotorGearingSet
 .text.vexMotorGearingGet
                0x0000000003805990       0x18 /Applications/VEXcode Pro V5.app/Contents/Resources/sdk/vexv5/libv5rt.a(v5_apiuser.c.obj)
                0x0000000003805990                vexMotorGearingGet
 .text.vexImuReset
                0x00000000038059a8       0x10 /Applications/VEXcode Pro V5.app/Contents/Resources/sdk/vexv5/libv5rt.a(v5_apiuser.c.obj)
                0x00000000038059a8                vexImuReset
 .text.vexImuHeadingGet
                0x00000000038059b8       0x10 /Applications/VEXcode Pro V5.app/Contents/Resources/sdk/vexv5/libv5rt.a(v5_apiuser.c.obj)
                0x00000000038059b8                vexImuHeadingGet
 .text.vexImuDegreesGet
                0x00000000038059c8       0x10 /Applications/VEXcode Pro V5.app/Contents/Resources/sdk/vexv5/libv5rt.a(v5_apiuser.c.obj)
                0x00000000038059c8                vexImuDegreesGet
 .text.vexImuStatusGet
                0x00000000038059d8       0x10 /Applications/VEXcode Pro V5.app/Contents/Resources/sdk/vexv5/libv5rt.a(v5_apiuser.c.obj)
                0x00000000038059d8                vexImuStatusGet
 .text.vexAbsEncPositionGet
                0x00000000038059e8       0x10 /Applications/VEXcode Pro V5.app/Contents/Resources/sdk/vexv5/libv5rt.a(v5_apiuser.c.obj)
                0x00000000038059e8                vexAbsEncPositionGet
 .text.vexAbsEncAngleGet
                0x00000000038059f8       0x10 /Applications/VEXcode Pro V5.app/Contents/Resources/sdk/vexv5/libv5rt.a(v5_apiuser.c.obj)
                0x00000000038059f8                vexAbsEncAngleGet
 .text.vexAbsEncReverseFlagSet
                0x0000000003805a08       0x18 /Applications/VEXcode Pro V5.app/Contents/Resources/sdk/vexv5/libv5rt.a(v5_apiuser.c.obj)
                0x0000000003805a08                vexAbsEncReverseFlagSet
 .text.vexEventMaskSet
                0x0000000003805a20       0x28 /Applications/VEXcode Pro V5.app/Contents/Resources/sdk/vexv5/libv5rt.a(v5_apiuser.c.obj)
                0x0000000003805a20                vexEventMaskSet
 .text.vexEventMaskGet
                0x0000000003805a48       0x18 /Applications/VEXcode Pro V5.app/Contents/Resources/sdk/vexv5/libv5rt.a(v5_apiuser.c.obj)
                0x0000000003805a48                vexEventMaskGet
 .text._ZN3vex6deviceD2Ev
                0x0000000003805a60        0x4 /Applications/VEXcode Pro V5.app/Contents/Resources/sdk/vexv5/libv5rt.a(vex_device.cpp.obj)
                0x0000000003805a60                vex::device::~device()
                0x0000000003805a60                vex::device::~device()
 .text._ZN3vex6device5valueEv
                0x0000000003805a64        0x8 /Applications/VEXcode Pro V5.app/Contents/Resources/sdk/vexv5/libv5rt.a(vex_device.cpp.obj)
                0x0000000003805a64                vex::device::value()
 .text._ZN3vex6deviceD0Ev
                0x0000000003805a6c       0x14 /Applications/VEXcode Pro V5.app/Contents/Resources/sdk/vexv5/libv5rt.a(vex_device.cpp.obj)
                0x0000000003805a6c                vex::device::~device()
 .text._ZN3vex6device4initEl
                0x0000000003805a80       0x30 /Applications/VEXcode Pro V5.app/Contents/Resources/sdk/vexv5/libv5rt.a(vex_device.cpp.obj)
                0x0000000003805a80                vex::device::init(long)
 .text._ZN3vex6deviceC2El
                0x0000000003805ab0       0x20 /Applications/VEXcode Pro V5.app/Contents/Resources/sdk/vexv5/libv5rt.a(vex_device.cpp.obj)
                0x0000000003805ab0                vex::device::device(long)
                0x0000000003805ab0                vex::device::device(long)
 .text._ZN3vex6device4typeEv
                0x0000000003805ad0       0x10 /Applications/VEXcode Pro V5.app/Contents/Resources/sdk/vexv5/libv5rt.a(vex_device.cpp.obj)
                0x0000000003805ad0                vex::device::type()
 .text._ZN3vex6device9installedEv
                0x0000000003805ae0       0x14 /Applications/VEXcode Pro V5.app/Contents/Resources/sdk/vexv5/libv5rt.a(vex_device.cpp.obj)
                0x0000000003805ae0                vex::device::installed()
 .text.__libc_fini_array
                0x0000000003805af4       0x30 /Applications/VEXcode Pro V5.app/Contents/Resources/sdk/vexv5/gcc/libs/libc.a(lib_a-fini.o)
                0x0000000003805af4                __libc_fini_array
 .text.__libc_init_array
                0x0000000003805b24       0x58 /Applications/VEXcode Pro V5.app/Contents/Resources/sdk/vexv5/gcc/libs/libc.a(lib_a-init.o)
                0x0000000003805b24                __libc_init_array
 *fill*         0x0000000003805b7c        0x4 
 .text.__libc_init_array.__stub
                0x0000000003805b80       0x18 linker stubs
 *(.gnu.linkonce.t.*)
 *(.plt)
 *(.gnu_warning)
 *(.gcc_except_table)
 *(.glue_7)
 .glue_7        0x0000000003805b98        0x0 linker stubs
 *(.glue_7t)
 .glue_7t       0x0000000003805b98        0x0 linker stubs
 *(.vfp11_veneer)
 .vfp11_veneer  0x0000000003805b98        0x0 linker stubs
 *(.ARM.extab)
 *(.gnu.linkonce.armextab.*)

.v4_bx          0x0000000003805b98        0x0
 .v4_bx         0x0000000003805b98        0x0 linker stubs

.iplt           0x0000000003805b98        0x0
 .iplt          0x0000000003805b98        0x0 build/src/autons.o

.init
 *(.init)

.fini
 *(.fini)

.rodata         0x0000000003805b98      0x21c
                0x0000000003805b98                __rodata_start = .
 *(.rodata)
 *(.rodata.*)
 .rodata.str1.1
                0x0000000003805b98       0x2f build/src/main.o
 .rodata.str1.1
                0x0000000003805bc7        0x8 build/src/JAR-Template/PID.o
 .rodata.str1.1
                0x0000000003805bcf       0x2e /Applications/VEXcode Pro V5.app/Contents/Resources/sdk/vexv5/libv5rt.a(v5_startup.c.obj)
 *fill*         0x0000000003805bfd        0x3 
 .rodata._ZN3vex6PORT20E
                0x0000000003805c00        0x4 /Applications/VEXcode Pro V5.app/Contents/Resources/sdk/vexv5/libv5rt.a(vex_global.cpp.obj)
                0x0000000003805c00                vex::PORT20
 .rodata._ZN3vex3fwdE
                0x0000000003805c04        0x4 /Applications/VEXcode Pro V5.app/Contents/Resources/sdk/vexv5/libv5rt.a(vex_global.cpp.obj)
                0x0000000003805c04                vex::fwd
 .rodata._ZN3vex5PORT3E
                0x0000000003805c08        0x4 /Applications/VEXcode Pro V5.app/Contents/Resources/sdk/vexv5/libv5rt.a(vex_global.cpp.obj)
                0x0000000003805c08                vex::PORT3
 .rodata._ZN3vex5PORT1E
                0x0000000003805c0c        0x4 /Applications/VEXcode Pro V5.app/Contents/Resources/sdk/vexv5/libv5rt.a(vex_global.cpp.obj)
                0x0000000003805c0c                vex::PORT1
 .rodata._ZN3vex7reverseE
                0x0000000003805c10        0x4 /Applications/VEXcode Pro V5.app/Contents/Resources/sdk/vexv5/libv5rt.a(vex_global.cpp.obj)
                0x0000000003805c10                vex::reverse
 .rodata._ZN3vex4voltE
                0x0000000003805c14        0x4 /Applications/VEXcode Pro V5.app/Contents/Resources/sdk/vexv5/libv5rt.a(vex_global.cpp.obj)
                0x0000000003805c14                vex::volt
 .rodata._ZN3vex6PORT10E
                0x0000000003805c18        0x4 /Applications/VEXcode Pro V5.app/Contents/Resources/sdk/vexv5/libv5rt.a(vex_global.cpp.obj)
                0x0000000003805c18                vex::PORT10
 .rodata._ZN3vex7forwardE
                0x0000000003805c1c        0x4 /Applications/VEXcode Pro V5.app/Contents/Resources/sdk/vexv5/libv5rt.a(vex_global.cpp.obj)
                0x0000000003805c1c                vex::forward
 .rodata._ZN3vex6PORT14E
                0x0000000003805c20        0x4 /Applications/VEXcode Pro V5.app/Contents/Resources/sdk/vexv5/libv5rt.a(vex_global.cpp.obj)
                0x0000000003805c20                vex::PORT14
 .rodata._ZN3vex3secE
                0x0000000003805c24        0x4 /Applications/VEXcode Pro V5.app/Contents/Resources/sdk/vexv5/libv5rt.a(vex_global.cpp.obj)
                0x0000000003805c24                vex::sec
 .rodata._ZN3vex4msecE
                0x0000000003805c28        0x4 /Applications/VEXcode Pro V5.app/Contents/Resources/sdk/vexv5/libv5rt.a(vex_global.cpp.obj)
                0x0000000003805c28                vex::msec
 .rodata._ZN3vex6PORT18E
                0x0000000003805c2c        0x4 /Applications/VEXcode Pro V5.app/Contents/Resources/sdk/vexv5/libv5rt.a(vex_global.cpp.obj)
                0x0000000003805c2c                vex::PORT18
 .rodata._ZN3vex9ratio36_1E
                0x0000000003805c30        0x4 /Applications/VEXcode Pro V5.app/Contents/Resources/sdk/vexv5/libv5rt.a(vex_global.cpp.obj)
                0x0000000003805c30                vex::ratio36_1
 .rodata._ZN3vex6PORT21E
                0x0000000003805c34        0x4 /Applications/VEXcode Pro V5.app/Contents/Resources/sdk/vexv5/libv5rt.a(vex_global.cpp.obj)
                0x0000000003805c34                vex::PORT21
 .rodata._ZN3vex5PORT2E
                0x0000000003805c38        0x4 /Applications/VEXcode Pro V5.app/Contents/Resources/sdk/vexv5/libv5rt.a(vex_global.cpp.obj)
                0x0000000003805c38                vex::PORT2
 .rodata._ZN3vex6PORT11E
                0x0000000003805c3c        0x4 /Applications/VEXcode Pro V5.app/Contents/Resources/sdk/vexv5/libv5rt.a(vex_global.cpp.obj)
                0x0000000003805c3c                vex::PORT11
 .rodata._ZN3vex5PORT6E
                0x0000000003805c40        0x4 /Applications/VEXcode Pro V5.app/Contents/Resources/sdk/vexv5/libv5rt.a(vex_global.cpp.obj)
                0x0000000003805c40                vex::PORT6
 .rodata._ZN3vex7primaryE
                0x0000000003805c44        0x4 /Applications/VEXcode Pro V5.app/Contents/Resources/sdk/vexv5/libv5rt.a(vex_global.cpp.obj)
                0x0000000003805c44                vex::primary
 .rodata._ZN3vex3degE
                0x0000000003805c48        0x4 /Applications/VEXcode Pro V5.app/Contents/Resources/sdk/vexv5/libv5rt.a(vex_global.cpp.obj)
                0x0000000003805c48                vex::deg
 .rodata._ZN3vex7percentE
                0x0000000003805c4c        0x4 /Applications/VEXcode Pro V5.app/Contents/Resources/sdk/vexv5/libv5rt.a(vex_global.cpp.obj)
                0x0000000003805c4c                vex::percent
 .rodata._ZN3vex7degreesE
                0x0000000003805c50        0x4 /Applications/VEXcode Pro V5.app/Contents/Resources/sdk/vexv5/libv5rt.a(vex_global.cpp.obj)
                0x0000000003805c50                vex::degrees
 .rodata._ZN3vex6PORT22E
                0x0000000003805c54        0x4 /Applications/VEXcode Pro V5.app/Contents/Resources/sdk/vexv5/libv5rt.a(vex_global.cpp.obj)
                0x0000000003805c54                vex::PORT22
 .rodata._ZN3vex4holdE
                0x0000000003805c58        0x4 /Applications/VEXcode Pro V5.app/Contents/Resources/sdk/vexv5/libv5rt.a(vex_global.cpp.obj)
                0x0000000003805c58                vex::hold
 .rodata._ZN3vex5turnsE
                0x0000000003805c5c        0x4 /Applications/VEXcode Pro V5.app/Contents/Resources/sdk/vexv5/libv5rt.a(vex_global.cpp.obj)
                0x0000000003805c5c                vex::turns
 .rodata._ZN3vex8ratio6_1E
                0x0000000003805c60        0x4 /Applications/VEXcode Pro V5.app/Contents/Resources/sdk/vexv5/libv5rt.a(vex_global.cpp.obj)
                0x0000000003805c60                vex::ratio6_1
 .rodata._ZN3vex5coastE
                0x0000000003805c64        0x4 /Applications/VEXcode Pro V5.app/Contents/Resources/sdk/vexv5/libv5rt.a(vex_global.cpp.obj)
                0x0000000003805c64                vex::coast
 .rodata._ZN3vex5PORT4E
                0x0000000003805c68        0x4 /Applications/VEXcode Pro V5.app/Contents/Resources/sdk/vexv5/libv5rt.a(vex_global.cpp.obj)
                0x0000000003805c68                vex::PORT4
 .rodata._ZN3vex6PORT17E
                0x0000000003805c6c        0x4 /Applications/VEXcode Pro V5.app/Contents/Resources/sdk/vexv5/libv5rt.a(vex_global.cpp.obj)
                0x0000000003805c6c                vex::PORT17
 .rodata._ZTVN3vex5motorE
                0x0000000003805c70       0x18 /Applications/VEXcode Pro V5.app/Contents/Resources/sdk/vexv5/libv5rt.a(vex_motor.cpp.obj)
                0x0000000003805c70                vtable for vex::motor
 .rodata._ZTVN3vex8inertialE
                0x0000000003805c88       0x68 /Applications/VEXcode Pro V5.app/Contents/Resources/sdk/vexv5/libv5rt.a(vex_imu.cpp.obj)
                0x0000000003805c88                vtable for vex::inertial
 .rodata._ZTVN3vex8rotationE
                0x0000000003805cf0       0x18 /Applications/VEXcode Pro V5.app/Contents/Resources/sdk/vexv5/libv5rt.a(vex_rotation.cpp.obj)
                0x0000000003805cf0                vtable for vex::rotation
 .rodata.CSWTCH.16
                0x0000000003805d08        0xb /Applications/VEXcode Pro V5.app/Contents/Resources/sdk/vexv5/libv5rt.a(vex_controller.cpp.obj)
 .rodata.CSWTCH.18
                0x0000000003805d13        0xb /Applications/VEXcode Pro V5.app/Contents/Resources/sdk/vexv5/libv5rt.a(vex_controller.cpp.obj)
 .rodata.CSWTCH.24
                0x0000000003805d1e        0x3 /Applications/VEXcode Pro V5.app/Contents/Resources/sdk/vexv5/libv5rt.a(vex_controller.cpp.obj)
 .rodata.str1.1
                0x0000000003805d21       0x14 /Applications/VEXcode Pro V5.app/Contents/Resources/sdk/vexv5/libv5rt.a(vex_task.cpp.obj)
 .rodata.str1.1
                0x0000000003805d35       0x2b /Applications/VEXcode Pro V5.app/Contents/Resources/sdk/vexv5/libv5rt.a(vex_brain.cpp.obj)
                                         0x2d (size before relaxing)
 .rodata._ZTVN3vex7triportE
                0x0000000003805d60       0x18 /Applications/VEXcode Pro V5.app/Contents/Resources/sdk/vexv5/libv5rt.a(vex_triport.cpp.obj)
                0x0000000003805d60                vtable for vex::triport
 .rodata.CSWTCH.38
                0x0000000003805d78       0x10 /Applications/VEXcode Pro V5.app/Contents/Resources/sdk/vexv5/libv5rt.a(vex_triport.cpp.obj)
 .rodata.CSWTCH.33
                0x0000000003805d88        0xe /Applications/VEXcode Pro V5.app/Contents/Resources/sdk/vexv5/libv5rt.a(vex_triport.cpp.obj)
 *fill*         0x0000000003805d96        0x2 
 .rodata._ZTVN3vex6deviceE
                0x0000000003805d98       0x18 /Applications/VEXcode Pro V5.app/Contents/Resources/sdk/vexv5/libv5rt.a(vex_device.cpp.obj)
                0x0000000003805d98                vtable for vex::device
 .rodata.str1.4
                0x0000000003805db0        0x4 /Applications/VEXcode Pro V5.app/Contents/Resources/sdk/vexv5/gcc/libs/libc.a(lib_a-impure.o)
                                          0x2 (size before relaxing)
 *(.gnu.linkonce.r.*)
                0x0000000003805db4                __rodata_end = .

.rodata1        0x0000000003805db4        0x0
                0x0000000003805db4                __rodata1_start = .
 *(.rodata1)
 *(.rodata1.*)
                0x0000000003805db4                __rodata1_end = .

.sdata2         0x0000000003805db4        0x0
                0x0000000003805db4                __sdata2_start = .
 *(.sdata2)
 *(.sdata2.*)
 *(.gnu.linkonce.s2.*)
                0x0000000003805db4                __sdata2_end = .

.sbss2          0x0000000003805db4        0x0
                0x0000000003805db4                __sbss2_start = .
 *(.sbss2)
 *(.sbss2.*)
 *(.gnu.linkonce.sb2.*)
                0x0000000003805db4                __sbss2_end = .

.data           0x0000000003805db8      0x43c
                0x0000000003805db8                __data_start = .
 *(.data)
 *(.data.*)
 .data.current_auton_selection
                0x0000000003805db8        0x4 build/src/main.o
                0x0000000003805db8                current_auton_selection
 .data.appRunning
                0x0000000003805dbc        0x4 /Applications/VEXcode Pro V5.app/Contents/Resources/sdk/vexv5/libv5rt.a(v5_startup.c.obj)
                0x0000000003805dbc                appRunning
 .data.__yoff   0x0000000003805dc0        0x4 /Applications/VEXcode Pro V5.app/Contents/Resources/sdk/vexv5/libv5rt.a(v5_apijump.c.obj)
 .data._ZN3vex24__default_motor_velocityE
                0x0000000003805dc4        0x4 /Applications/VEXcode Pro V5.app/Contents/Resources/sdk/vexv5/libv5rt.a(vex_motor.cpp.obj)
                0x0000000003805dc4                vex::__default_motor_velocity
 .data.impure_data
                0x0000000003805dc8      0x428 /Applications/VEXcode Pro V5.app/Contents/Resources/sdk/vexv5/gcc/libs/libc.a(lib_a-impure.o)
 .data._impure_ptr
                0x00000000038061f0        0x4 /Applications/VEXcode Pro V5.app/Contents/Resources/sdk/vexv5/gcc/libs/libc.a(lib_a-impure.o)
                0x00000000038061f0                _impure_ptr
 *(.gnu.linkonce.d.*)
 *(.jcr)
 *(.got)
 *(.got.plt)
                0x00000000038061f4                __data_end = .

.igot.plt       0x00000000038061f4        0x0
 .igot.plt      0x00000000038061f4        0x0 build/src/autons.o

.data1          0x00000000038061f4        0x0
                0x00000000038061f4                __data1_start = .
 *(.data1)
 *(.data1.*)
                0x00000000038061f4                __data1_end = .

.got
 *(.got)

.ctors          0x00000000038061f4        0x0
                0x00000000038061f4                __CTOR_LIST__ = .
                0x00000000038061f4                ___CTORS_LIST___ = .
 *crtbegin.o(.ctors)
 *(EXCLUDE_FILE(*crtend.o) .ctors)
 *(SORT_BY_NAME(.ctors.*))
 *(.ctors)
                0x00000000038061f4                __CTOR_END__ = .
                0x00000000038061f4                ___CTORS_END___ = .

.dtors          0x00000000038061f4        0x0
                0x00000000038061f4                __DTOR_LIST__ = .
                0x00000000038061f4                ___DTORS_LIST___ = .
 *crtbegin.o(.dtors)
 *(EXCLUDE_FILE(*crtend.o) .dtors)
 *(SORT_BY_NAME(.dtors.*))
 *(.dtors)
                0x00000000038061f4                __DTOR_END__ = .
                0x00000000038061f4                ___DTORS_END___ = .

.fixup          0x00000000038061f4        0x0
                0x00000000038061f4                __fixup_start = .
 *(.fixup)
                0x00000000038061f4                __fixup_end = .

.eh_frame
 *(.eh_frame)

.eh_framehdr    0x00000000038061f4        0x0
                0x00000000038061f4                __eh_framehdr_start = .
 *(.eh_framehdr)
                0x00000000038061f4                __eh_framehdr_end = .

.gcc_except_table
 *(.gcc_except_table)

.mmu_tbl        0x0000000003808000        0x0
                0x0000000003808000                __mmu_tbl_start = .
 *(.mmu_tbl)
                0x0000000003808000                __mmu_tbl_end = .

.ARM.exidx      0x00000000038061f4        0x8
                0x00000000038061f4                __exidx_start = .
 *(.ARM.exidx*)
 .ARM.exidx.text._Z17default_constantsv
                0x00000000038061f4        0x8 build/src/autons.o
 .ARM.exidx.text._ZN3vex11motor_groupC2IJNS_5motorES2_EEERS2_DpRT_
                0x00000000038061fc        0x0 build/src/main.o
                                          0x8 (size before relaxing)
 .ARM.exidx.text._ZN5DriveD2Ev
                0x00000000038061fc        0x0 build/src/main.o
                                          0x8 (size before relaxing)
 .ARM.exidx.text._Z12driveForwardf
                0x00000000038061fc        0x0 build/src/main.o
                                          0x8 (size before relaxing)
 .ARM.exidx.text._Z9turnRightf
                0x00000000038061fc        0x0 build/src/main.o
                                          0x8 (size before relaxing)
 .ARM.exidx.text._Z14catapult_shootv
                0x00000000038061fc        0x0 build/src/main.o
                                          0x8 (size before relaxing)
 .ARM.exidx.text._Z20catapult_shoot_boostv
                0x00000000038061fc        0x0 build/src/main.o
                                          0x8 (size before relaxing)
 .ARM.exidx.text._Z21setDrivetrainVelocityf
                0x00000000038061fc        0x0 build/src/main.o
                                          0x8 (size before relaxing)
 .ARM.exidx.text._Z9pre_autonv
                0x00000000038061fc        0x0 build/src/main.o
                                          0x8 (size before relaxing)
 .ARM.exidx.text._Z10autonomousv
                0x00000000038061fc        0x0 build/src/main.o
                                          0x8 (size before relaxing)
 .ARM.exidx.text._Z11usercontrolv
                0x00000000038061fc        0x0 build/src/main.o
                                          0x8 (size before relaxing)
 .ARM.exidx.text.main
                0x00000000038061fc        0x0 build/src/main.o
                                          0x8 (size before relaxing)
 .ARM.exidx.text._GLOBAL__sub_I_main.cpp
                0x00000000038061fc        0x0 build/src/main.o
                                          0x8 (size before relaxing)
 .ARM.exidx.text._Z11vexcodeInitv
                0x00000000038061fc        0x0 build/src/robot-config.o
                                          0x8 (size before relaxing)
 .ARM.exidx.text._GLOBAL__sub_I_robot_config.cpp
                0x00000000038061fc        0x0 build/src/robot-config.o
                                          0x8 (size before relaxing)
 .ARM.exidx.text._ZN3PIDC2Efffff
                0x00000000038061fc        0x0 build/src/JAR-Template/PID.o
                                          0x8 (size before relaxing)
 .ARM.exidx.text._ZN3PIDC2Effffffff
                0x00000000038061fc        0x0 build/src/JAR-Template/PID.o
                                          0x8 (size before relaxing)
 .ARM.exidx.text._ZN3PID7computeEf
                0x00000000038061fc        0x0 build/src/JAR-Template/PID.o
                                          0x8 (size before relaxing)
 .ARM.exidx.text._ZN3vex5brain3lcd5printIfEEvT_
                0x00000000038061fc        0x0 build/src/JAR-Template/PID.o
                                          0x8 (size before relaxing)
 .ARM.exidx.text._ZN3PID10is_settledEv
                0x00000000038061fc        0x0 build/src/JAR-Template/PID.o
                                          0x8 (size before relaxing)
 .ARM.exidx.text._ZN5DriveC2E11drive_setupN3vex11motor_groupES2_ifffiiiiiffiff
                0x00000000038061fc        0x0 build/src/JAR-Template/drive.o
                                          0x8 (size before relaxing)
 .ARM.exidx.text._ZN5Drive19position_track_taskEv
                0x00000000038061fc        0x0 build/src/JAR-Template/drive.o
                                          0x8 (size before relaxing)
 .ARM.exidx.text._ZN5Drive15set_coordinatesEfff
                0x00000000038061fc        0x0 build/src/JAR-Template/drive.o
                                          0x8 (size before relaxing)
 .ARM.exidx.text._ZN5Drive18drive_with_voltageEff
                0x00000000038061fc        0x0 build/src/JAR-Template/drive.o
                                          0x8 (size before relaxing)
 .ARM.exidx.text._ZN5Drive18set_turn_constantsEfffff
                0x00000000038061fc        0x0 build/src/JAR-Template/drive.o
                                          0x8 (size before relaxing)
 .ARM.exidx.text._ZN5Drive19set_drive_constantsEfffff